
Running 8 tests using 2 workers

(node:298243) Warning: The 'NO_COLOR' env is ignored due to the 'FORCE_COLOR' env being set.
(Use `node --trace-warnings ...` to show where the warning was created)
(node:298244) Warning: The 'NO_COLOR' env is ignored due to the 'FORCE_COLOR' env being set.
(Use `node --trace-warnings ...` to show where the warning was created)
(node:298243) Warning: The 'NO_COLOR' env is ignored due to the 'FORCE_COLOR' env being set.
(Use `node --trace-warnings ...` to show where the warning was created)
(node:298244) Warning: The 'NO_COLOR' env is ignored due to the 'FORCE_COLOR' env being set.
(Use `node --trace-warnings ...` to show where the warning was created)
  ✓  1 [chromium] › tests/framework-consumers.spec.ts:5:7 › react 发布消费、绑定、主题和浮层 (3.0s)
  ✓  2 [chromium] › tests/framework-consumers.spec.ts:5:7 › vue 发布消费、绑定、主题和浮层 (3.1s)
  ✓  4 [chromium] › tests/framework-consumers.spec.ts:5:7 › svelte 发布消费、绑定、主题和浮层 (2.8s)
  ✓  3 [chromium] › tests/framework-consumers.spec.ts:5:7 › solid 发布消费、绑定、主题和浮层 (3.0s)
react: 39 个组件示例已运行
  ✓  5 [chromium] › tests/framework-examples.spec.ts:24:7 › react 全部现有组件示例运行 (24.5s)
vue: 36 个组件示例已运行
  ✓  6 [chromium] › tests/framework-examples.spec.ts:24:7 › vue 全部现有组件示例运行 (25.1s)
solid: 36 个组件示例已运行
  ✓  7 [chromium] › tests/framework-examples.spec.ts:24:7 › solid 全部现有组件示例运行 (23.5s)
svelte: 36 个组件示例已运行
  ✓  8 [chromium] › tests/framework-examples.spec.ts:24:7 › svelte 全部现有组件示例运行 (23.3s)

  8 passed (55.5s)
