
> loongark@0.0.0 test:frameworks /workspace/loongark
> node scripts/build-framework-fixtures.mjs && node scripts/build-example-fixtures.mjs && node scripts/run-framework-tests.mjs

react 发布消费构建通过
vue 发布消费构建通过
[baseline-browser-mapping] The data in this module is over two months old.  To ensure accurate Baseline data, please update: `npm i baseline-browser-mapping@latest -D`
solid 发布消费构建通过
svelte 发布消费构建通过
react: 39 个现有组件示例构建通过
vue: 36 个现有组件示例构建通过
[baseline-browser-mapping] The data in this module is over two months old.  To ensure accurate Baseline data, please update: `npm i baseline-browser-mapping@latest -D`
solid: 36 个现有组件示例构建通过
svelte: 36 个现有组件示例构建通过

Running 8 tests using 2 workers

(node:296981) Warning: The 'NO_COLOR' env is ignored due to the 'FORCE_COLOR' env being set.
(Use `node --trace-warnings ...` to show where the warning was created)
(node:296982) Warning: The 'NO_COLOR' env is ignored due to the 'FORCE_COLOR' env being set.
(Use `node --trace-warnings ...` to show where the warning was created)
(node:296981) Warning: The 'NO_COLOR' env is ignored due to the 'FORCE_COLOR' env being set.
(Use `node --trace-warnings ...` to show where the warning was created)
(node:296982) Warning: The 'NO_COLOR' env is ignored due to the 'FORCE_COLOR' env being set.
(Use `node --trace-warnings ...` to show where the warning was created)
  ✓  2 [chromium] › tests/framework-consumers.spec.ts:5:7 › react 发布消费、绑定、主题和浮层 (3.1s)
  ✓  1 [chromium] › tests/framework-consumers.spec.ts:5:7 › vue 发布消费、绑定、主题和浮层 (3.2s)
  ✓  3 [chromium] › tests/framework-consumers.spec.ts:5:7 › solid 发布消费、绑定、主题和浮层 (2.7s)
  ✓  4 [chromium] › tests/framework-consumers.spec.ts:5:7 › svelte 发布消费、绑定、主题和浮层 (3.0s)
  ✘  5 [chromium] › tests/framework-examples.spec.ts:24:7 › react 全部现有组件示例运行 (23.9s)
(node:297627) Warning: The 'NO_COLOR' env is ignored due to the 'FORCE_COLOR' env being set.
(Use `node --trace-warnings ...` to show where the warning was created)
  ✘  6 [chromium] › tests/framework-examples.spec.ts:24:7 › vue 全部现有组件示例运行 (23.8s)
(node:297627) Warning: The 'NO_COLOR' env is ignored due to the 'FORCE_COLOR' env being set.
(Use `node --trace-warnings ...` to show where the warning was created)
(node:297637) Warning: The 'NO_COLOR' env is ignored due to the 'FORCE_COLOR' env being set.
(Use `node --trace-warnings ...` to show where the warning was created)
(node:297637) Warning: The 'NO_COLOR' env is ignored due to the 'FORCE_COLOR' env being set.
(Use `node --trace-warnings ...` to show where the warning was created)
  ✘  7 [chromium] › tests/framework-examples.spec.ts:24:7 › solid 全部现有组件示例运行 (23.2s)
  ✘  8 [chromium] › tests/framework-examples.spec.ts:24:7 › svelte 全部现有组件示例运行 (22.8s)


  1) [chromium] › tests/framework-examples.spec.ts:24:7 › react 全部现有组件示例运行 ─────────────────────────

    Error: expect(locator).toHaveAttribute(expected) failed

    Locator: locator('[data-scope=toc][data-part=root]')
    Expected pattern: /^toc:(?!undefined|$).+/
    Error: strict mode violation: locator('[data-scope=toc][data-part=root]') resolved to 2 elements:
        1) <div dir="ltr" id="toc:_r_1_" data-scope="toc" data-part="root" aria-labelledby="toc:_r_1_:title">…</div> aka getByText('On this pageOverviewKeyboard navigationDelivery checklistoverview')
        2) <nav dir="ltr" data-scope="toc" data-part="root" id="toc:_r_1_-nav" data-placement="left" aria-labelledby="toc:_r_1_:title">…</nav> aka getByRole('navigation', { name: 'On this page' })

    Call log:
      - Expect "toHaveAttribute" with timeout 5000ms
      - waiting for locator('[data-scope=toc][data-part=root]')


       at arkNextChecks.ts:48

      46 |   await expect(
      47 |     page.locator("[data-scope=toc][data-part=root]"),
    > 48 |   ).toHaveAttribute("id", /^toc:(?!undefined|$).+/);
         |     ^
      49 |   await expect(
      50 |     page.locator("[data-scope=toc][data-part=indicator]"),
      51 |   ).toHaveAttribute("id", /^toc:(?!undefined|$).+/);
        at checkToc (/workspace/loongark/tests/arkNextChecks.ts:48:5)
        at /workspace/loongark/tests/framework-examples.spec.ts:161:34

    Error Context: test-results/framework-examples-react-全部现有组件示例运行-chromium/error-context.md

  2) [chromium] › tests/framework-examples.spec.ts:24:7 › vue 全部现有组件示例运行 ───────────────────────────

    Error: expect(locator).toHaveAttribute(expected) failed

    Locator: locator('[data-scope=toc][data-part=root]')
    Expected pattern: /^toc:(?!undefined|$).+/
    Error: strict mode violation: locator('[data-scope=toc][data-part=root]') resolved to 2 elements:
        1) <div dir="ltr" id="toc:v-1" data-scope="toc" data-part="root" aria-labelledby="toc:v-1:title">…</div> aka getByText('On this pageOverviewKeyboard navigationDelivery checklistoverview')
        2) <nav dir="ltr" data-scope="toc" data-part="root" id="toc:v-1-nav" data-placement="left" aria-labelledby="toc:v-1:title">…</nav> aka getByRole('navigation', { name: 'On this page' })

    Call log:
      - Expect "toHaveAttribute" with timeout 5000ms
      - waiting for locator('[data-scope=toc][data-part=root]')


       at arkNextChecks.ts:48

      46 |   await expect(
      47 |     page.locator("[data-scope=toc][data-part=root]"),
    > 48 |   ).toHaveAttribute("id", /^toc:(?!undefined|$).+/);
         |     ^
      49 |   await expect(
      50 |     page.locator("[data-scope=toc][data-part=indicator]"),
      51 |   ).toHaveAttribute("id", /^toc:(?!undefined|$).+/);
        at checkToc (/workspace/loongark/tests/arkNextChecks.ts:48:5)
        at /workspace/loongark/tests/framework-examples.spec.ts:161:34

    Error Context: test-results/framework-examples-vue-全部现有组件示例运行-chromium/error-context.md

  3) [chromium] › tests/framework-examples.spec.ts:24:7 › solid 全部现有组件示例运行 ─────────────────────────

    Error: expect(locator).toHaveAttribute(expected) failed

    Locator: locator('[data-scope=toc][data-part=root]')
    Expected pattern: /^toc:(?!undefined|$).+/
    Error: strict mode violation: locator('[data-scope=toc][data-part=root]') resolved to 2 elements:
        1) <div dir="ltr" id="toc:cl-1" data-scope="toc" data-part="root" aria-labelledby="toc:cl-1:title">…</div> aka getByText('On this pageOverviewKeyboard navigationDelivery checklistoverview')
        2) <nav dir="ltr" data-scope="toc" data-part="root" id="toc:cl-1-nav" data-placement="left" aria-labelledby="toc:cl-1:title">…</nav> aka getByRole('navigation', { name: 'On this page' })

    Call log:
      - Expect "toHaveAttribute" with timeout 5000ms
      - waiting for locator('[data-scope=toc][data-part=root]')


       at arkNextChecks.ts:48

      46 |   await expect(
      47 |     page.locator("[data-scope=toc][data-part=root]"),
    > 48 |   ).toHaveAttribute("id", /^toc:(?!undefined|$).+/);
         |     ^
      49 |   await expect(
      50 |     page.locator("[data-scope=toc][data-part=indicator]"),
      51 |   ).toHaveAttribute("id", /^toc:(?!undefined|$).+/);
        at checkToc (/workspace/loongark/tests/arkNextChecks.ts:48:5)
        at /workspace/loongark/tests/framework-examples.spec.ts:161:34

    Error Context: test-results/framework-examples-solid-全部现有组件示例运行-chromium/error-context.md

  4) [chromium] › tests/framework-examples.spec.ts:24:7 › svelte 全部现有组件示例运行 ────────────────────────

    Error: expect(locator).toHaveAttribute(expected) failed

    Locator: locator('[data-scope=toc][data-part=root]')
    Expected pattern: /^toc:(?!undefined|$).+/
    Error: strict mode violation: locator('[data-scope=toc][data-part=root]') resolved to 2 elements:
        1) <div dir="ltr" id="toc:c2" data-scope="toc" data-part="root" aria-labelledby="toc:c2:title">…</div> aka getByText('On this pageOverviewKeyboard navigationDelivery checklistoverview')
        2) <nav dir="ltr" id="toc:c2-nav" data-scope="toc" data-part="root" data-placement="left" aria-labelledby="toc:c2:title">…</nav> aka getByRole('navigation', { name: 'On this page' })

    Call log:
      - Expect "toHaveAttribute" with timeout 5000ms
      - waiting for locator('[data-scope=toc][data-part=root]')


       at arkNextChecks.ts:48

      46 |   await expect(
      47 |     page.locator("[data-scope=toc][data-part=root]"),
    > 48 |   ).toHaveAttribute("id", /^toc:(?!undefined|$).+/);
         |     ^
      49 |   await expect(
      50 |     page.locator("[data-scope=toc][data-part=indicator]"),
      51 |   ).toHaveAttribute("id", /^toc:(?!undefined|$).+/);
        at checkToc (/workspace/loongark/tests/arkNextChecks.ts:48:5)
        at /workspace/loongark/tests/framework-examples.spec.ts:161:34

    Error Context: test-results/framework-examples-svelte-全部现有组件示例运行-chromium/error-context.md

  4 failed
    [chromium] › tests/framework-examples.spec.ts:24:7 › react 全部现有组件示例运行 ──────────────────────────
    [chromium] › tests/framework-examples.spec.ts:24:7 › vue 全部现有组件示例运行 ────────────────────────────
    [chromium] › tests/framework-examples.spec.ts:24:7 › solid 全部现有组件示例运行 ──────────────────────────
    [chromium] › tests/framework-examples.spec.ts:24:7 › svelte 全部现有组件示例运行 ─────────────────────────
  4 passed (55.3s)
 ELIFECYCLE  Command failed with exit code 1.
