[serve-static] /workspace/loongark/storybook-static on http://127.0.0.1:6006 (/workspace/loongark/scripts/serve-static.mjs)

Running 4 tests using 2 workers

(node:309678) Warning: The 'NO_COLOR' env is ignored due to the 'FORCE_COLOR' env being set.
(Use `node --trace-warnings ...` to show where the warning was created)
(node:309679) Warning: The 'NO_COLOR' env is ignored due to the 'FORCE_COLOR' env being set.
(Use `node --trace-warnings ...` to show where the warning was created)
(node:309678) Warning: The 'NO_COLOR' env is ignored due to the 'FORCE_COLOR' env being set.
(Use `node --trace-warnings ...` to show where the warning was created)
(node:309679) Warning: The 'NO_COLOR' env is ignored due to the 'FORCE_COLOR' env being set.
(Use `node --trace-warnings ...` to show where the warning was created)
/workspace/loongark/tests/ark-next.visual.spec.ts-snapshots/ark-next-toc-light-375-chromium-visual-linux.png is re-generated, writing actual.
/workspace/loongark/tests/ark-next.visual.spec.ts-snapshots/ark-next-toc-light-375-chromium-visual-linux.png is re-generated, writing actual.
  ✓  2 [chromium-visual] › tests/ark-next.visual.spec.ts:10:11 › Ark next toc light 375 (1.2s)
/workspace/loongark/tests/ark-next.visual.spec.ts-snapshots/ark-next-toc-light-1280-chromium-visual-linux.png is re-generated, writing actual.
/workspace/loongark/tests/ark-next.visual.spec.ts-snapshots/ark-next-toc-light-1280-chromium-visual-linux.png is re-generated, writing actual.
  ✓  1 [chromium-visual] › tests/ark-next.visual.spec.ts:10:11 › Ark next toc light 1280 (1.5s)
/workspace/loongark/tests/ark-next.visual.spec.ts-snapshots/ark-next-toc-dark-1280-chromium-visual-linux.png is re-generated, writing actual.
/workspace/loongark/tests/ark-next.visual.spec.ts-snapshots/ark-next-toc-dark-1280-chromium-visual-linux.png is re-generated, writing actual.
  ✓  3 [chromium-visual] › tests/ark-next.visual.spec.ts:10:11 › Ark next toc dark 1280 (1.2s)
/workspace/loongark/tests/ark-next.visual.spec.ts-snapshots/ark-next-toc-dark-375-chromium-visual-linux.png is re-generated, writing actual.
/workspace/loongark/tests/ark-next.visual.spec.ts-snapshots/ark-next-toc-dark-375-chromium-visual-linux.png is re-generated, writing actual.
  ✓  4 [chromium-visual] › tests/ark-next.visual.spec.ts:10:11 › Ark next toc dark 375 (1.1s)

  4 passed (3.6s)
