[serve-static] /workspace/loongark/storybook-static on http://127.0.0.1:6006 (/workspace/loongark/scripts/serve-static.mjs)

Running 4 tests using 2 workers

(node:344974) Warning: The 'NO_COLOR' env is ignored due to the 'FORCE_COLOR' env being set.
(Use `node --trace-warnings ...` to show where the warning was created)
(node:344975) Warning: The 'NO_COLOR' env is ignored due to the 'FORCE_COLOR' env being set.
(Use `node --trace-warnings ...` to show where the warning was created)
(node:344974) Warning: The 'NO_COLOR' env is ignored due to the 'FORCE_COLOR' env being set.
(Use `node --trace-warnings ...` to show where the warning was created)
(node:344975) Warning: The 'NO_COLOR' env is ignored due to the 'FORCE_COLOR' env being set.
(Use `node --trace-warnings ...` to show where the warning was created)
  ✘  1 [chromium-visual] › tests/questionnaire-advanced.visual.spec.ts:4:9 › Conditional questionnaire light 1280 (1.3s)
  ✘  2 [chromium-visual] › tests/questionnaire-advanced.visual.spec.ts:4:9 › Conditional questionnaire light 375 (1.4s)
(node:345248) Warning: The 'NO_COLOR' env is ignored due to the 'FORCE_COLOR' env being set.
(Use `node --trace-warnings ...` to show where the warning was created)
(node:345257) Warning: The 'NO_COLOR' env is ignored due to the 'FORCE_COLOR' env being set.
(Use `node --trace-warnings ...` to show where the warning was created)
(node:345248) Warning: The 'NO_COLOR' env is ignored due to the 'FORCE_COLOR' env being set.
(Use `node --trace-warnings ...` to show where the warning was created)
(node:345257) Warning: The 'NO_COLOR' env is ignored due to the 'FORCE_COLOR' env being set.
(Use `node --trace-warnings ...` to show where the warning was created)
  ✘  3 [chromium-visual] › tests/questionnaire-advanced.visual.spec.ts:4:9 › Conditional questionnaire dark 1280 (1.4s)
  ✘  4 [chromium-visual] › tests/questionnaire-advanced.visual.spec.ts:4:9 › Conditional questionnaire dark 375 (1.3s)


  1) [chromium-visual] › tests/questionnaire-advanced.visual.spec.ts:4:9 › Conditional questionnaire light 1280

    Error: A snapshot doesn't exist at /workspace/loongark/tests/questionnaire-advanced.visual.spec.ts-snapshots/questionnaire-conditional-light-1280-chromium-visual-linux.png, writing actual.

      10 |         page.getByRole("form", { name: "Workspace setup" }),
      11 |       ).toBeVisible();
    > 12 |       await expect(page.locator("body")).toHaveScreenshot(
         |       ^
      13 |         `questionnaire-conditional-${mode}-${width}.png`,
      14 |         { animations: "disabled" },
      15 |       );
        at /workspace/loongark/tests/questionnaire-advanced.visual.spec.ts:12:7

    attachment #1: questionnaire-conditional-light-1280 (image/png) ────────────────────────────────
    Expected: tests/questionnaire-advanced.visual.spec.ts-snapshots/questionnaire-conditional-light-1280-chromium-visual-linux.png
    Received: test-results/questionnaire-advanced.vis-6e76f-al-questionnaire-light-1280-chromium-visual/questionnaire-conditional-light-1280-actual.png
    ────────────────────────────────────────────────────────────────────────────────────────────────

    Error Context: test-results/questionnaire-advanced.vis-6e76f-al-questionnaire-light-1280-chromium-visual/error-context.md

  2) [chromium-visual] › tests/questionnaire-advanced.visual.spec.ts:4:9 › Conditional questionnaire light 375

    Error: A snapshot doesn't exist at /workspace/loongark/tests/questionnaire-advanced.visual.spec.ts-snapshots/questionnaire-conditional-light-375-chromium-visual-linux.png, writing actual.

      10 |         page.getByRole("form", { name: "Workspace setup" }),
      11 |       ).toBeVisible();
    > 12 |       await expect(page.locator("body")).toHaveScreenshot(
         |       ^
      13 |         `questionnaire-conditional-${mode}-${width}.png`,
      14 |         { animations: "disabled" },
      15 |       );
        at /workspace/loongark/tests/questionnaire-advanced.visual.spec.ts:12:7

    attachment #1: questionnaire-conditional-light-375 (image/png) ─────────────────────────────────
    Expected: tests/questionnaire-advanced.visual.spec.ts-snapshots/questionnaire-conditional-light-375-chromium-visual-linux.png
    Received: test-results/questionnaire-advanced.vis-fcbc0-nal-questionnaire-light-375-chromium-visual/questionnaire-conditional-light-375-actual.png
    ────────────────────────────────────────────────────────────────────────────────────────────────

    Error Context: test-results/questionnaire-advanced.vis-fcbc0-nal-questionnaire-light-375-chromium-visual/error-context.md

  3) [chromium-visual] › tests/questionnaire-advanced.visual.spec.ts:4:9 › Conditional questionnaire dark 1280

    Error: A snapshot doesn't exist at /workspace/loongark/tests/questionnaire-advanced.visual.spec.ts-snapshots/questionnaire-conditional-dark-1280-chromium-visual-linux.png, writing actual.

      10 |         page.getByRole("form", { name: "Workspace setup" }),
      11 |       ).toBeVisible();
    > 12 |       await expect(page.locator("body")).toHaveScreenshot(
         |       ^
      13 |         `questionnaire-conditional-${mode}-${width}.png`,
      14 |         { animations: "disabled" },
      15 |       );
        at /workspace/loongark/tests/questionnaire-advanced.visual.spec.ts:12:7

    attachment #1: questionnaire-conditional-dark-1280 (image/png) ─────────────────────────────────
    Expected: tests/questionnaire-advanced.visual.spec.ts-snapshots/questionnaire-conditional-dark-1280-chromium-visual-linux.png
    Received: test-results/questionnaire-advanced.vis-e6c15-nal-questionnaire-dark-1280-chromium-visual/questionnaire-conditional-dark-1280-actual.png
    ────────────────────────────────────────────────────────────────────────────────────────────────

    Error Context: test-results/questionnaire-advanced.vis-e6c15-nal-questionnaire-dark-1280-chromium-visual/error-context.md

  4) [chromium-visual] › tests/questionnaire-advanced.visual.spec.ts:4:9 › Conditional questionnaire dark 375

    Error: A snapshot doesn't exist at /workspace/loongark/tests/questionnaire-advanced.visual.spec.ts-snapshots/questionnaire-conditional-dark-375-chromium-visual-linux.png, writing actual.

      10 |         page.getByRole("form", { name: "Workspace setup" }),
      11 |       ).toBeVisible();
    > 12 |       await expect(page.locator("body")).toHaveScreenshot(
         |       ^
      13 |         `questionnaire-conditional-${mode}-${width}.png`,
      14 |         { animations: "disabled" },
      15 |       );
        at /workspace/loongark/tests/questionnaire-advanced.visual.spec.ts:12:7

    attachment #1: questionnaire-conditional-dark-375 (image/png) ──────────────────────────────────
    Expected: tests/questionnaire-advanced.visual.spec.ts-snapshots/questionnaire-conditional-dark-375-chromium-visual-linux.png
    Received: test-results/questionnaire-advanced.vis-f37df-onal-questionnaire-dark-375-chromium-visual/questionnaire-conditional-dark-375-actual.png
    ────────────────────────────────────────────────────────────────────────────────────────────────

    Error Context: test-results/questionnaire-advanced.vis-f37df-onal-questionnaire-dark-375-chromium-visual/error-context.md

  4 failed
    [chromium-visual] › tests/questionnaire-advanced.visual.spec.ts:4:9 › Conditional questionnaire light 1280
    [chromium-visual] › tests/questionnaire-advanced.visual.spec.ts:4:9 › Conditional questionnaire light 375
    [chromium-visual] › tests/questionnaire-advanced.visual.spec.ts:4:9 › Conditional questionnaire dark 1280
    [chromium-visual] › tests/questionnaire-advanced.visual.spec.ts:4:9 › Conditional questionnaire dark 375
