default react light 1280
default vue light 1280
default solid light 1280
default svelte light 1280
error react light 1280
error vue light 1280
error solid light 1280
error svelte light 1280
default react light 375
default vue light 375
default solid light 375
default svelte light 375
error react light 375
error vue light 375
error solid light 375
error svelte light 375
default react dark 1280
default vue dark 1280
default solid dark 1280
default svelte dark 1280
error react dark 1280
error vue dark 1280
error solid dark 1280
error svelte dark 1280
default react dark 375
default vue dark 375
default solid dark 375
default svelte dark 375
error react dark 375
error vue dark 375
error solid dark 375
error svelte dark 375
