[serve-static] /workspace/loongark/storybook-static on http://127.0.0.1:6006 (/workspace/loongark/scripts/serve-static.mjs)

Running 3 tests using 2 workers

(node:327334) Warning: The 'NO_COLOR' env is ignored due to the 'FORCE_COLOR' env being set.
(Use `node --trace-warnings ...` to show where the warning was created)
(node:327333) Warning: The 'NO_COLOR' env is ignored due to the 'FORCE_COLOR' env being set.
(Use `node --trace-warnings ...` to show where the warning was created)
(node:327334) Warning: The 'NO_COLOR' env is ignored due to the 'FORCE_COLOR' env being set.
(Use `node --trace-warnings ...` to show where the warning was created)
(node:327333) Warning: The 'NO_COLOR' env is ignored due to the 'FORCE_COLOR' env being set.
(Use `node --trace-warnings ...` to show where the warning was created)
  ✓  2 [chromium] › tests/questionnaire-advanced.spec.ts:5:7 › Questionnaire light 条件分支、业务校验和受控拒绝 (3.2s)
  ✓  1 [chromium] › tests/questionnaire-advanced.spec.ts:5:7 › Questionnaire dark 条件分支、业务校验和受控拒绝 (3.2s)
  ✘  3 [chromium] › tests/questionnaire-advanced.spec.ts:14:5 › 全部题目隐藏时没有提交入口 (1.1s)


  1) [chromium] › tests/questionnaire-advanced.spec.ts:14:5 › 全部题目隐藏时没有提交入口 ────────────────────────

    Error: expect(received).toEqual(expected) // deep equality

    - Expected  -  1
    + Received  + 68

    - Array []
    + Array [
    +   Object {
    +     "description": "Ensure the document has a main landmark",
    +     "help": "Document should have one main landmark",
    +     "helpUrl": "https://dequeuniversity.com/rules/axe/4.11/landmark-one-main?application=playwright",
    +     "id": "landmark-one-main",
    +     "impact": "moderate",
    +     "nodes": Array [
    +       Object {
    +         "all": Array [
    +           Object {
    +             "data": null,
    +             "id": "page-has-main",
    +             "impact": "moderate",
    +             "message": "Document does not have a main landmark",
    +             "relatedNodes": Array [],
    +           },
    +         ],
    +         "any": Array [],
    +         "failureSummary": "Fix all of the following:
    +   Document does not have a main landmark",
    +         "html": "<html lang=\"en\">",
    +         "impact": "moderate",
    +         "none": Array [],
    +         "target": Array [
    +           "html",
    +         ],
    +       },
    +     ],
    +     "tags": Array [
    +       "cat.semantics",
    +       "best-practice",
    +     ],
    +   },
    +   Object {
    +     "description": "Ensure that the page, or at least one of its frames contains a level-one heading",
    +     "help": "Page should contain a level-one heading",
    +     "helpUrl": "https://dequeuniversity.com/rules/axe/4.11/page-has-heading-one?application=playwright",
    +     "id": "page-has-heading-one",
    +     "impact": "moderate",
    +     "nodes": Array [
    +       Object {
    +         "all": Array [
    +           Object {
    +             "data": null,
    +             "id": "page-has-heading-one",
    +             "impact": "moderate",
    +             "message": "Page must have a level-one heading",
    +             "relatedNodes": Array [],
    +           },
    +         ],
    +         "any": Array [],
    +         "failureSummary": "Fix all of the following:
    +   Page must have a level-one heading",
    +         "html": "<html lang=\"en\">",
    +         "impact": "moderate",
    +         "none": Array [],
    +         "target": Array [
    +           "html",
    +         ],
    +       },
    +     ],
    +     "tags": Array [
    +       "cat.semantics",
    +       "best-practice",
    +     ],
    +   },
    + ]

      22 |     page.getByRole("button", { name: "Submit", exact: true }),
      23 |   ).toHaveCount(0);
    > 24 |   expect((await new AxeBuilder({ page }).analyze()).violations).toEqual([]);
         |                                                                 ^
      25 | });
      26 |
        at /workspace/loongark/tests/questionnaire-advanced.spec.ts:24:65

    Error Context: test-results/questionnaire-advanced-全部题目隐藏时没有提交入口-chromium/error-context.md

  1 failed
    [chromium] › tests/questionnaire-advanced.spec.ts:14:5 › 全部题目隐藏时没有提交入口 ─────────────────────────
  2 passed (5.4s)
