
> loongark@0.0.0 verify /workspace/loongark
> pnpm run lint && pnpm run tsc && pnpm run build


> loongark@0.0.0 lint /workspace/loongark
> node ./scripts/verify-workspace.mjs

[verify-workspace] ok

> loongark@0.0.0 tsc /workspace/loongark
> pnpm exec tsc -b


> loongark@0.0.0 build /workspace/loongark
> pnpm -r run build

Scope: 9 of 10 workspace projects
packages/tokens build$ tsc -p tsconfig.json && node ../../scripts/fix-dist-imports.mjs dist
packages/tokens build: Done
packages/theme build$ tsc -p tsconfig.json && node ../../scripts/fix-dist-imports.mjs dist
packages/theme build: Done
packages/cli build$ tsc -p tsconfig.json && node ../../scripts/fix-dist-imports.mjs dist
packages/primitives build$ tsc -p tsconfig.json && node ../../scripts/fix-dist-imports.mjs dist
packages/primitives build: Done
packages/cli build: Done
packages/kit build$ tsc -p tsconfig.json && node ../../scripts/fix-dist-imports.mjs dist
packages/kit build: Done
packages/react build$ tsc -p tsconfig.json && node ../../scripts/fix-dist-imports.mjs dist
packages/svelte build$ tsc -p tsconfig.json && node ../../scripts/copy-assets.mjs src dist .svelte .d.ts && node ../../scripts/fix-dist-imports.mjs dist
packages/solid build$ node ../../scripts/reset-build-info.mjs tsconfig.tsbuildinfo && tsc -p tsconfig.json && node ../../scripts/compile-solid.mjs dist && node ../../scripts/fix-dist-imports.mjs dist && node ../../scripts/build-solid-ssr.mjs
packages/vue build$ tsc -p tsconfig.json && node ../../scripts/fix-dist-imports.mjs dist
packages/react build: Done
packages/vue build: Done
packages/svelte build: Done
packages/solid build: [baseline-browser-mapping] The data in this module is over two months old.  To ensure accurate Baseline data, please update: `npm i baseline-browser-mapping@latest -D`
packages/solid build: [baseline-browser-mapping] The data in this module is over two months old.  To ensure accurate Baseline data, please update: `npm i baseline-browser-mapping@latest -D`
packages/solid build: Solid 与 Ark JSX 的 SSR 入口构建通过
packages/solid build: Done
