[serve-static] /workspace/loongark/storybook-static on http://127.0.0.1:6006 (/workspace/loongark/scripts/serve-static.mjs)

Running 50 tests using 2 workers

(node:345615) Warning: The 'NO_COLOR' env is ignored due to the 'FORCE_COLOR' env being set.
(Use `node --trace-warnings ...` to show where the warning was created)
(node:345614) Warning: The 'NO_COLOR' env is ignored due to the 'FORCE_COLOR' env being set.
(Use `node --trace-warnings ...` to show where the warning was created)
(node:345615) Warning: The 'NO_COLOR' env is ignored due to the 'FORCE_COLOR' env being set.
(Use `node --trace-warnings ...` to show where the warning was created)
(node:345614) Warning: The 'NO_COLOR' env is ignored due to the 'FORCE_COLOR' env being set.
(Use `node --trace-warnings ...` to show where the warning was created)
  ✓   1 [chromium-visual] › tests/ark-additions.visual.spec.ts:10:11 › Ark json light 1280 (1.1s)
  ✓   2 [chromium-visual] › tests/ark-additions.visual.spec.ts:10:11 › Ark crop light 1280 (1.4s)
  ✓   3 [chromium-visual] › tests/ark-additions.visual.spec.ts:10:11 › Ark utilities light 1280 (1.3s)
  ✓   4 [chromium-visual] › tests/ark-additions.visual.spec.ts:10:11 › Ark selection light 1280 (1.2s)
  ✓   5 [chromium-visual] › tests/ark-additions.visual.spec.ts:10:11 › Ark crop light 375 (1.1s)
  ✓   6 [chromium-visual] › tests/ark-additions.visual.spec.ts:10:11 › Ark json light 375 (935ms)
  ✓   7 [chromium-visual] › tests/ark-additions.visual.spec.ts:10:11 › Ark utilities light 375 (1.1s)
  ✓   8 [chromium-visual] › tests/ark-additions.visual.spec.ts:10:11 › Ark selection light 375 (1.0s)
  ✓   9 [chromium-visual] › tests/ark-additions.visual.spec.ts:10:11 › Ark crop dark 1280 (1.2s)
  ✓  10 [chromium-visual] › tests/ark-additions.visual.spec.ts:10:11 › Ark json dark 1280 (1.2s)
  ✓  12 [chromium-visual] › tests/ark-additions.visual.spec.ts:10:11 › Ark selection dark 1280 (1.2s)
  ✓  11 [chromium-visual] › tests/ark-additions.visual.spec.ts:10:11 › Ark utilities dark 1280 (1.2s)
  ✓  14 [chromium-visual] › tests/ark-additions.visual.spec.ts:10:11 › Ark json dark 375 (836ms)
  ✓  13 [chromium-visual] › tests/ark-additions.visual.spec.ts:10:11 › Ark crop dark 375 (1.2s)
  ✓  15 [chromium-visual] › tests/ark-additions.visual.spec.ts:10:11 › Ark utilities dark 375 (1.0s)
  ✓  16 [chromium-visual] › tests/ark-additions.visual.spec.ts:10:11 › Ark selection dark 375 (899ms)
  ✓  17 [chromium-visual] › tests/ark-next.visual.spec.ts:10:11 › Ark next date light 1280 (1.1s)
  ✓  18 [chromium-visual] › tests/ark-next.visual.spec.ts:10:11 › Ark next toc light 1280 (1.1s)
  ✓  19 [chromium-visual] › tests/ark-next.visual.spec.ts:10:11 › Ark next swap light 1280 (1.2s)
  ✓  20 [chromium-visual] › tests/ark-next.visual.spec.ts:10:11 › Ark next drawer light 1280 (1.3s)
  ✓  21 [chromium-visual] › tests/ark-next.visual.spec.ts:10:11 › Ark next date light 375 (919ms)
  ✓  22 [chromium-visual] › tests/ark-next.visual.spec.ts:10:11 › Ark next toc light 375 (927ms)
  ✓  23 [chromium-visual] › tests/ark-next.visual.spec.ts:10:11 › Ark next swap light 375 (925ms)
  ✓  24 [chromium-visual] › tests/ark-next.visual.spec.ts:10:11 › Ark next drawer light 375 (1.3s)
  ✓  25 [chromium-visual] › tests/ark-next.visual.spec.ts:10:11 › Ark next date dark 1280 (969ms)
  ✓  26 [chromium-visual] › tests/ark-next.visual.spec.ts:10:11 › Ark next toc dark 1280 (1.1s)
  ✓  27 [chromium-visual] › tests/ark-next.visual.spec.ts:10:11 › Ark next swap dark 1280 (1.0s)
  ✓  29 [chromium-visual] › tests/ark-next.visual.spec.ts:10:11 › Ark next date dark 375 (1.1s)
  ✓  28 [chromium-visual] › tests/ark-next.visual.spec.ts:10:11 › Ark next drawer dark 1280 (1.5s)
  ✓  30 [chromium-visual] › tests/ark-next.visual.spec.ts:10:11 › Ark next toc dark 375 (885ms)
  ✓  31 [chromium-visual] › tests/ark-next.visual.spec.ts:10:11 › Ark next swap dark 375 (942ms)
  ✓  32 [chromium-visual] › tests/ark-next.visual.spec.ts:10:11 › Ark next drawer dark 375 (1.3s)
  ✓  33 [chromium-visual] › tests/button-input-dialog.visual.spec.ts:27:7 › ButtonInputDialog 视觉与无障碍 › 默认状态截图 (1.3s)
  ✓  35 [chromium-visual] › tests/chart.visual.spec.ts:4:9 › Chart light 1280 (832ms)
  ✓  36 [chromium-visual] › tests/chart.visual.spec.ts:4:9 › Chart light 375 (734ms)
  ✓  34 [chromium-visual] › tests/button-input-dialog.visual.spec.ts:35:7 › ButtonInputDialog 视觉与无障碍 › 弹窗展开截图并通过 Axe (2.4s)
  ✓  37 [chromium-visual] › tests/chart.visual.spec.ts:4:9 › Chart dark 1280 (1.1s)
  ✓  38 [chromium-visual] › tests/chart.visual.spec.ts:4:9 › Chart dark 375 (967ms)
  ✓  39 [chromium-visual] › tests/conversation.visual.spec.ts:4:9 › conversation light 1280 (1.1s)
  ✓  40 [chromium-visual] › tests/conversation.visual.spec.ts:4:9 › conversation light 375 (1.1s)
  ✓  41 [chromium-visual] › tests/conversation.visual.spec.ts:4:9 › conversation dark 1280 (1.1s)
  ✓  42 [chromium-visual] › tests/conversation.visual.spec.ts:4:9 › conversation dark 375 (1.1s)
  ✓  43 [chromium-visual] › tests/data-table.visual.spec.ts:4:9 › DataTable light 1280 (1.1s)
  ✓  44 [chromium-visual] › tests/data-table.visual.spec.ts:4:9 › DataTable light 375 (982ms)
  ✓  45 [chromium-visual] › tests/data-table.visual.spec.ts:4:9 › DataTable dark 1280 (1.0s)
  ✓  46 [chromium-visual] › tests/data-table.visual.spec.ts:4:9 › DataTable dark 375 (1.0s)
  ✓  47 [chromium-visual] › tests/questionnaire-advanced.visual.spec.ts:4:9 › Conditional questionnaire light 1280 (1.1s)
  ✓  48 [chromium-visual] › tests/questionnaire-advanced.visual.spec.ts:4:9 › Conditional questionnaire light 375 (970ms)
  ✓  50 [chromium-visual] › tests/questionnaire-advanced.visual.spec.ts:4:9 › Conditional questionnaire dark 375 (989ms)
  ✓  49 [chromium-visual] › tests/questionnaire-advanced.visual.spec.ts:4:9 › Conditional questionnaire dark 1280 (1.1s)

  50 passed (29.4s)
