[serve-static] /workspace/loongark/storybook-static on http://127.0.0.1:6006 (/workspace/loongark/scripts/serve-static.mjs)

Running 16 tests using 2 workers

(node:256976) Warning: The 'NO_COLOR' env is ignored due to the 'FORCE_COLOR' env being set.
(Use `node --trace-warnings ...` to show where the warning was created)
(node:256975) Warning: The 'NO_COLOR' env is ignored due to the 'FORCE_COLOR' env being set.
(Use `node --trace-warnings ...` to show where the warning was created)
(node:256976) Warning: The 'NO_COLOR' env is ignored due to the 'FORCE_COLOR' env being set.
(Use `node --trace-warnings ...` to show where the warning was created)
(node:256975) Warning: The 'NO_COLOR' env is ignored due to the 'FORCE_COLOR' env being set.
(Use `node --trace-warnings ...` to show where the warning was created)
  ✘   2 [chromium-visual] › tests/ark-next.visual.spec.ts:10:11 › Ark next date light 1280 (1.4s)
  ✘   1 [chromium-visual] › tests/ark-next.visual.spec.ts:10:11 › Ark next toc light 1280 (1.5s)
(node:257244) Warning: The 'NO_COLOR' env is ignored due to the 'FORCE_COLOR' env being set.
(Use `node --trace-warnings ...` to show where the warning was created)
(node:257254) Warning: The 'NO_COLOR' env is ignored due to the 'FORCE_COLOR' env being set.
(Use `node --trace-warnings ...` to show where the warning was created)
(node:257244) Warning: The 'NO_COLOR' env is ignored due to the 'FORCE_COLOR' env being set.
(Use `node --trace-warnings ...` to show where the warning was created)
(node:257254) Warning: The 'NO_COLOR' env is ignored due to the 'FORCE_COLOR' env being set.
(Use `node --trace-warnings ...` to show where the warning was created)
  ✘   3 [chromium-visual] › tests/ark-next.visual.spec.ts:10:11 › Ark next swap light 1280 (1.5s)
(node:257515) Warning: The 'NO_COLOR' env is ignored due to the 'FORCE_COLOR' env being set.
(Use `node --trace-warnings ...` to show where the warning was created)
  ✘   4 [chromium-visual] › tests/ark-next.visual.spec.ts:10:11 › Ark next drawer light 1280 (1.8s)
(node:257525) Warning: The 'NO_COLOR' env is ignored due to the 'FORCE_COLOR' env being set.
(Use `node --trace-warnings ...` to show where the warning was created)
(node:257515) Warning: The 'NO_COLOR' env is ignored due to the 'FORCE_COLOR' env being set.
(Use `node --trace-warnings ...` to show where the warning was created)
(node:257525) Warning: The 'NO_COLOR' env is ignored due to the 'FORCE_COLOR' env being set.
(Use `node --trace-warnings ...` to show where the warning was created)
  ✘   5 [chromium-visual] › tests/ark-next.visual.spec.ts:10:11 › Ark next date light 375 (1.3s)
(node:257788) Warning: The 'NO_COLOR' env is ignored due to the 'FORCE_COLOR' env being set.
(Use `node --trace-warnings ...` to show where the warning was created)
  ✘   6 [chromium-visual] › tests/ark-next.visual.spec.ts:10:11 › Ark next toc light 375 (1.1s)
(node:257788) Warning: The 'NO_COLOR' env is ignored due to the 'FORCE_COLOR' env being set.
(Use `node --trace-warnings ...` to show where the warning was created)
(node:257799) Warning: The 'NO_COLOR' env is ignored due to the 'FORCE_COLOR' env being set.
(Use `node --trace-warnings ...` to show where the warning was created)
(node:257799) Warning: The 'NO_COLOR' env is ignored due to the 'FORCE_COLOR' env being set.
(Use `node --trace-warnings ...` to show where the warning was created)
  ✘   7 [chromium-visual] › tests/ark-next.visual.spec.ts:10:11 › Ark next swap light 375 (1.1s)
(node:258055) Warning: The 'NO_COLOR' env is ignored due to the 'FORCE_COLOR' env being set.
(Use `node --trace-warnings ...` to show where the warning was created)
(node:258055) Warning: The 'NO_COLOR' env is ignored due to the 'FORCE_COLOR' env being set.
(Use `node --trace-warnings ...` to show where the warning was created)
  ✘   8 [chromium-visual] › tests/ark-next.visual.spec.ts:10:11 › Ark next drawer light 375 (1.4s)
(node:258126) Warning: The 'NO_COLOR' env is ignored due to the 'FORCE_COLOR' env being set.
(Use `node --trace-warnings ...` to show where the warning was created)
(node:258126) Warning: The 'NO_COLOR' env is ignored due to the 'FORCE_COLOR' env being set.
(Use `node --trace-warnings ...` to show where the warning was created)
  ✘   9 [chromium-visual] › tests/ark-next.visual.spec.ts:10:11 › Ark next date dark 1280 (1.4s)
(node:258323) Warning: The 'NO_COLOR' env is ignored due to the 'FORCE_COLOR' env being set.
(Use `node --trace-warnings ...` to show where the warning was created)
(node:258323) Warning: The 'NO_COLOR' env is ignored due to the 'FORCE_COLOR' env being set.
(Use `node --trace-warnings ...` to show where the warning was created)
  ✘  10 [chromium-visual] › tests/ark-next.visual.spec.ts:10:11 › Ark next toc dark 1280 (1.2s)
(node:258373) Warning: The 'NO_COLOR' env is ignored due to the 'FORCE_COLOR' env being set.
(Use `node --trace-warnings ...` to show where the warning was created)
(node:258373) Warning: The 'NO_COLOR' env is ignored due to the 'FORCE_COLOR' env being set.
(Use `node --trace-warnings ...` to show where the warning was created)
  ✘  11 [chromium-visual] › tests/ark-next.visual.spec.ts:10:11 › Ark next swap dark 1280 (1.2s)
(node:258592) Warning: The 'NO_COLOR' env is ignored due to the 'FORCE_COLOR' env being set.
(Use `node --trace-warnings ...` to show where the warning was created)
(node:258592) Warning: The 'NO_COLOR' env is ignored due to the 'FORCE_COLOR' env being set.
(Use `node --trace-warnings ...` to show where the warning was created)
  ✘  12 [chromium-visual] › tests/ark-next.visual.spec.ts:10:11 › Ark next drawer dark 1280 (1.6s)
(node:258728) Warning: The 'NO_COLOR' env is ignored due to the 'FORCE_COLOR' env being set.
(Use `node --trace-warnings ...` to show where the warning was created)
(node:258728) Warning: The 'NO_COLOR' env is ignored due to the 'FORCE_COLOR' env being set.
(Use `node --trace-warnings ...` to show where the warning was created)
  ✘  13 [chromium-visual] › tests/ark-next.visual.spec.ts:10:11 › Ark next date dark 375 (1.2s)
(node:258799) Warning: The 'NO_COLOR' env is ignored due to the 'FORCE_COLOR' env being set.
(Use `node --trace-warnings ...` to show where the warning was created)
(node:258799) Warning: The 'NO_COLOR' env is ignored due to the 'FORCE_COLOR' env being set.
(Use `node --trace-warnings ...` to show where the warning was created)
  ✘  14 [chromium-visual] › tests/ark-next.visual.spec.ts:10:11 › Ark next toc dark 375 (1.1s)
(node:259002) Warning: The 'NO_COLOR' env is ignored due to the 'FORCE_COLOR' env being set.
(Use `node --trace-warnings ...` to show where the warning was created)
(node:259002) Warning: The 'NO_COLOR' env is ignored due to the 'FORCE_COLOR' env being set.
(Use `node --trace-warnings ...` to show where the warning was created)
  ✘  15 [chromium-visual] › tests/ark-next.visual.spec.ts:10:11 › Ark next swap dark 375 (1.1s)
  ✘  16 [chromium-visual] › tests/ark-next.visual.spec.ts:10:11 › Ark next drawer dark 375 (1.3s)


  1) [chromium-visual] › tests/ark-next.visual.spec.ts:10:11 › Ark next date light 1280 ────────────

    Error: A snapshot doesn't exist at /workspace/loongark/tests/ark-next.visual.spec.ts-snapshots/ark-next-date-light-1280-chromium-visual-linux.png, writing actual.

      23 |           );
      24 |         }
    > 25 |         await expect(page.locator("body")).toHaveScreenshot(
         |         ^
      26 |           `ark-next-${name}-${mode}-${width}.png`,
      27 |           { animations: "disabled" },
      28 |         );
        at /workspace/loongark/tests/ark-next.visual.spec.ts:25:9

    attachment #1: ark-next-date-light-1280 (image/png) ────────────────────────────────────────────
    Expected: tests/ark-next.visual.spec.ts-snapshots/ark-next-date-light-1280-chromium-visual-linux.png
    Received: test-results/ark-next.visual-Ark-next-date-light-1280-chromium-visual/ark-next-date-light-1280-actual.png
    ────────────────────────────────────────────────────────────────────────────────────────────────

    Error Context: test-results/ark-next.visual-Ark-next-date-light-1280-chromium-visual/error-context.md

  2) [chromium-visual] › tests/ark-next.visual.spec.ts:10:11 › Ark next toc light 1280 ─────────────

    Error: A snapshot doesn't exist at /workspace/loongark/tests/ark-next.visual.spec.ts-snapshots/ark-next-toc-light-1280-chromium-visual-linux.png, writing actual.

      23 |           );
      24 |         }
    > 25 |         await expect(page.locator("body")).toHaveScreenshot(
         |         ^
      26 |           `ark-next-${name}-${mode}-${width}.png`,
      27 |           { animations: "disabled" },
      28 |         );
        at /workspace/loongark/tests/ark-next.visual.spec.ts:25:9

    attachment #1: ark-next-toc-light-1280 (image/png) ─────────────────────────────────────────────
    Expected: tests/ark-next.visual.spec.ts-snapshots/ark-next-toc-light-1280-chromium-visual-linux.png
    Received: test-results/ark-next.visual-Ark-next-toc-light-1280-chromium-visual/ark-next-toc-light-1280-actual.png
    ────────────────────────────────────────────────────────────────────────────────────────────────

    Error Context: test-results/ark-next.visual-Ark-next-toc-light-1280-chromium-visual/error-context.md

  3) [chromium-visual] › tests/ark-next.visual.spec.ts:10:11 › Ark next swap light 1280 ────────────

    Error: A snapshot doesn't exist at /workspace/loongark/tests/ark-next.visual.spec.ts-snapshots/ark-next-swap-light-1280-chromium-visual-linux.png, writing actual.

      23 |           );
      24 |         }
    > 25 |         await expect(page.locator("body")).toHaveScreenshot(
         |         ^
      26 |           `ark-next-${name}-${mode}-${width}.png`,
      27 |           { animations: "disabled" },
      28 |         );
        at /workspace/loongark/tests/ark-next.visual.spec.ts:25:9

    attachment #1: ark-next-swap-light-1280 (image/png) ────────────────────────────────────────────
    Expected: tests/ark-next.visual.spec.ts-snapshots/ark-next-swap-light-1280-chromium-visual-linux.png
    Received: test-results/ark-next.visual-Ark-next-swap-light-1280-chromium-visual/ark-next-swap-light-1280-actual.png
    ────────────────────────────────────────────────────────────────────────────────────────────────

    Error Context: test-results/ark-next.visual-Ark-next-swap-light-1280-chromium-visual/error-context.md

  4) [chromium-visual] › tests/ark-next.visual.spec.ts:10:11 › Ark next drawer light 1280 ──────────

    Error: A snapshot doesn't exist at /workspace/loongark/tests/ark-next.visual.spec.ts-snapshots/ark-next-drawer-light-1280-chromium-visual-linux.png, writing actual.

      23 |           );
      24 |         }
    > 25 |         await expect(page.locator("body")).toHaveScreenshot(
         |         ^
      26 |           `ark-next-${name}-${mode}-${width}.png`,
      27 |           { animations: "disabled" },
      28 |         );
        at /workspace/loongark/tests/ark-next.visual.spec.ts:25:9

    attachment #1: ark-next-drawer-light-1280 (image/png) ──────────────────────────────────────────
    Expected: tests/ark-next.visual.spec.ts-snapshots/ark-next-drawer-light-1280-chromium-visual-linux.png
    Received: test-results/ark-next.visual-Ark-next-drawer-light-1280-chromium-visual/ark-next-drawer-light-1280-actual.png
    ────────────────────────────────────────────────────────────────────────────────────────────────

    Error Context: test-results/ark-next.visual-Ark-next-drawer-light-1280-chromium-visual/error-context.md

  5) [chromium-visual] › tests/ark-next.visual.spec.ts:10:11 › Ark next date light 375 ─────────────

    Error: A snapshot doesn't exist at /workspace/loongark/tests/ark-next.visual.spec.ts-snapshots/ark-next-date-light-375-chromium-visual-linux.png, writing actual.

      23 |           );
      24 |         }
    > 25 |         await expect(page.locator("body")).toHaveScreenshot(
         |         ^
      26 |           `ark-next-${name}-${mode}-${width}.png`,
      27 |           { animations: "disabled" },
      28 |         );
        at /workspace/loongark/tests/ark-next.visual.spec.ts:25:9

    attachment #1: ark-next-date-light-375 (image/png) ─────────────────────────────────────────────
    Expected: tests/ark-next.visual.spec.ts-snapshots/ark-next-date-light-375-chromium-visual-linux.png
    Received: test-results/ark-next.visual-Ark-next-date-light-375-chromium-visual/ark-next-date-light-375-actual.png
    ────────────────────────────────────────────────────────────────────────────────────────────────

    Error Context: test-results/ark-next.visual-Ark-next-date-light-375-chromium-visual/error-context.md

  6) [chromium-visual] › tests/ark-next.visual.spec.ts:10:11 › Ark next toc light 375 ──────────────

    Error: A snapshot doesn't exist at /workspace/loongark/tests/ark-next.visual.spec.ts-snapshots/ark-next-toc-light-375-chromium-visual-linux.png, writing actual.

      23 |           );
      24 |         }
    > 25 |         await expect(page.locator("body")).toHaveScreenshot(
         |         ^
      26 |           `ark-next-${name}-${mode}-${width}.png`,
      27 |           { animations: "disabled" },
      28 |         );
        at /workspace/loongark/tests/ark-next.visual.spec.ts:25:9

    attachment #1: ark-next-toc-light-375 (image/png) ──────────────────────────────────────────────
    Expected: tests/ark-next.visual.spec.ts-snapshots/ark-next-toc-light-375-chromium-visual-linux.png
    Received: test-results/ark-next.visual-Ark-next-toc-light-375-chromium-visual/ark-next-toc-light-375-actual.png
    ────────────────────────────────────────────────────────────────────────────────────────────────

    Error Context: test-results/ark-next.visual-Ark-next-toc-light-375-chromium-visual/error-context.md

  7) [chromium-visual] › tests/ark-next.visual.spec.ts:10:11 › Ark next swap light 375 ─────────────

    Error: A snapshot doesn't exist at /workspace/loongark/tests/ark-next.visual.spec.ts-snapshots/ark-next-swap-light-375-chromium-visual-linux.png, writing actual.

      23 |           );
      24 |         }
    > 25 |         await expect(page.locator("body")).toHaveScreenshot(
         |         ^
      26 |           `ark-next-${name}-${mode}-${width}.png`,
      27 |           { animations: "disabled" },
      28 |         );
        at /workspace/loongark/tests/ark-next.visual.spec.ts:25:9

    attachment #1: ark-next-swap-light-375 (image/png) ─────────────────────────────────────────────
    Expected: tests/ark-next.visual.spec.ts-snapshots/ark-next-swap-light-375-chromium-visual-linux.png
    Received: test-results/ark-next.visual-Ark-next-swap-light-375-chromium-visual/ark-next-swap-light-375-actual.png
    ────────────────────────────────────────────────────────────────────────────────────────────────

    Error Context: test-results/ark-next.visual-Ark-next-swap-light-375-chromium-visual/error-context.md

  8) [chromium-visual] › tests/ark-next.visual.spec.ts:10:11 › Ark next drawer light 375 ───────────

    Error: A snapshot doesn't exist at /workspace/loongark/tests/ark-next.visual.spec.ts-snapshots/ark-next-drawer-light-375-chromium-visual-linux.png, writing actual.

      23 |           );
      24 |         }
    > 25 |         await expect(page.locator("body")).toHaveScreenshot(
         |         ^
      26 |           `ark-next-${name}-${mode}-${width}.png`,
      27 |           { animations: "disabled" },
      28 |         );
        at /workspace/loongark/tests/ark-next.visual.spec.ts:25:9

    attachment #1: ark-next-drawer-light-375 (image/png) ───────────────────────────────────────────
    Expected: tests/ark-next.visual.spec.ts-snapshots/ark-next-drawer-light-375-chromium-visual-linux.png
    Received: test-results/ark-next.visual-Ark-next-drawer-light-375-chromium-visual/ark-next-drawer-light-375-actual.png
    ────────────────────────────────────────────────────────────────────────────────────────────────

    Error Context: test-results/ark-next.visual-Ark-next-drawer-light-375-chromium-visual/error-context.md

  9) [chromium-visual] › tests/ark-next.visual.spec.ts:10:11 › Ark next date dark 1280 ─────────────

    Error: A snapshot doesn't exist at /workspace/loongark/tests/ark-next.visual.spec.ts-snapshots/ark-next-date-dark-1280-chromium-visual-linux.png, writing actual.

      23 |           );
      24 |         }
    > 25 |         await expect(page.locator("body")).toHaveScreenshot(
         |         ^
      26 |           `ark-next-${name}-${mode}-${width}.png`,
      27 |           { animations: "disabled" },
      28 |         );
        at /workspace/loongark/tests/ark-next.visual.spec.ts:25:9

    attachment #1: ark-next-date-dark-1280 (image/png) ─────────────────────────────────────────────
    Expected: tests/ark-next.visual.spec.ts-snapshots/ark-next-date-dark-1280-chromium-visual-linux.png
    Received: test-results/ark-next.visual-Ark-next-date-dark-1280-chromium-visual/ark-next-date-dark-1280-actual.png
    ────────────────────────────────────────────────────────────────────────────────────────────────

    Error Context: test-results/ark-next.visual-Ark-next-date-dark-1280-chromium-visual/error-context.md

  10) [chromium-visual] › tests/ark-next.visual.spec.ts:10:11 › Ark next toc dark 1280 ─────────────

    Error: A snapshot doesn't exist at /workspace/loongark/tests/ark-next.visual.spec.ts-snapshots/ark-next-toc-dark-1280-chromium-visual-linux.png, writing actual.

      23 |           );
      24 |         }
    > 25 |         await expect(page.locator("body")).toHaveScreenshot(
         |         ^
      26 |           `ark-next-${name}-${mode}-${width}.png`,
      27 |           { animations: "disabled" },
      28 |         );
        at /workspace/loongark/tests/ark-next.visual.spec.ts:25:9

    attachment #1: ark-next-toc-dark-1280 (image/png) ──────────────────────────────────────────────
    Expected: tests/ark-next.visual.spec.ts-snapshots/ark-next-toc-dark-1280-chromium-visual-linux.png
    Received: test-results/ark-next.visual-Ark-next-toc-dark-1280-chromium-visual/ark-next-toc-dark-1280-actual.png
    ────────────────────────────────────────────────────────────────────────────────────────────────

    Error Context: test-results/ark-next.visual-Ark-next-toc-dark-1280-chromium-visual/error-context.md

  11) [chromium-visual] › tests/ark-next.visual.spec.ts:10:11 › Ark next swap dark 1280 ────────────

    Error: A snapshot doesn't exist at /workspace/loongark/tests/ark-next.visual.spec.ts-snapshots/ark-next-swap-dark-1280-chromium-visual-linux.png, writing actual.

      23 |           );
      24 |         }
    > 25 |         await expect(page.locator("body")).toHaveScreenshot(
         |         ^
      26 |           `ark-next-${name}-${mode}-${width}.png`,
      27 |           { animations: "disabled" },
      28 |         );
        at /workspace/loongark/tests/ark-next.visual.spec.ts:25:9

    attachment #1: ark-next-swap-dark-1280 (image/png) ─────────────────────────────────────────────
    Expected: tests/ark-next.visual.spec.ts-snapshots/ark-next-swap-dark-1280-chromium-visual-linux.png
    Received: test-results/ark-next.visual-Ark-next-swap-dark-1280-chromium-visual/ark-next-swap-dark-1280-actual.png
    ────────────────────────────────────────────────────────────────────────────────────────────────

    Error Context: test-results/ark-next.visual-Ark-next-swap-dark-1280-chromium-visual/error-context.md

  12) [chromium-visual] › tests/ark-next.visual.spec.ts:10:11 › Ark next drawer dark 1280 ──────────

    Error: A snapshot doesn't exist at /workspace/loongark/tests/ark-next.visual.spec.ts-snapshots/ark-next-drawer-dark-1280-chromium-visual-linux.png, writing actual.

      23 |           );
      24 |         }
    > 25 |         await expect(page.locator("body")).toHaveScreenshot(
         |         ^
      26 |           `ark-next-${name}-${mode}-${width}.png`,
      27 |           { animations: "disabled" },
      28 |         );
        at /workspace/loongark/tests/ark-next.visual.spec.ts:25:9

    attachment #1: ark-next-drawer-dark-1280 (image/png) ───────────────────────────────────────────
    Expected: tests/ark-next.visual.spec.ts-snapshots/ark-next-drawer-dark-1280-chromium-visual-linux.png
    Received: test-results/ark-next.visual-Ark-next-drawer-dark-1280-chromium-visual/ark-next-drawer-dark-1280-actual.png
    ────────────────────────────────────────────────────────────────────────────────────────────────

    Error Context: test-results/ark-next.visual-Ark-next-drawer-dark-1280-chromium-visual/error-context.md

  13) [chromium-visual] › tests/ark-next.visual.spec.ts:10:11 › Ark next date dark 375 ─────────────

    Error: A snapshot doesn't exist at /workspace/loongark/tests/ark-next.visual.spec.ts-snapshots/ark-next-date-dark-375-chromium-visual-linux.png, writing actual.

      23 |           );
      24 |         }
    > 25 |         await expect(page.locator("body")).toHaveScreenshot(
         |         ^
      26 |           `ark-next-${name}-${mode}-${width}.png`,
      27 |           { animations: "disabled" },
      28 |         );
        at /workspace/loongark/tests/ark-next.visual.spec.ts:25:9

    attachment #1: ark-next-date-dark-375 (image/png) ──────────────────────────────────────────────
    Expected: tests/ark-next.visual.spec.ts-snapshots/ark-next-date-dark-375-chromium-visual-linux.png
    Received: test-results/ark-next.visual-Ark-next-date-dark-375-chromium-visual/ark-next-date-dark-375-actual.png
    ────────────────────────────────────────────────────────────────────────────────────────────────

    Error Context: test-results/ark-next.visual-Ark-next-date-dark-375-chromium-visual/error-context.md

  14) [chromium-visual] › tests/ark-next.visual.spec.ts:10:11 › Ark next toc dark 375 ──────────────

    Error: A snapshot doesn't exist at /workspace/loongark/tests/ark-next.visual.spec.ts-snapshots/ark-next-toc-dark-375-chromium-visual-linux.png, writing actual.

      23 |           );
      24 |         }
    > 25 |         await expect(page.locator("body")).toHaveScreenshot(
         |         ^
      26 |           `ark-next-${name}-${mode}-${width}.png`,
      27 |           { animations: "disabled" },
      28 |         );
        at /workspace/loongark/tests/ark-next.visual.spec.ts:25:9

    attachment #1: ark-next-toc-dark-375 (image/png) ───────────────────────────────────────────────
    Expected: tests/ark-next.visual.spec.ts-snapshots/ark-next-toc-dark-375-chromium-visual-linux.png
    Received: test-results/ark-next.visual-Ark-next-toc-dark-375-chromium-visual/ark-next-toc-dark-375-actual.png
    ────────────────────────────────────────────────────────────────────────────────────────────────

    Error Context: test-results/ark-next.visual-Ark-next-toc-dark-375-chromium-visual/error-context.md

  15) [chromium-visual] › tests/ark-next.visual.spec.ts:10:11 › Ark next swap dark 375 ─────────────

    Error: A snapshot doesn't exist at /workspace/loongark/tests/ark-next.visual.spec.ts-snapshots/ark-next-swap-dark-375-chromium-visual-linux.png, writing actual.

      23 |           );
      24 |         }
    > 25 |         await expect(page.locator("body")).toHaveScreenshot(
         |         ^
      26 |           `ark-next-${name}-${mode}-${width}.png`,
      27 |           { animations: "disabled" },
      28 |         );
        at /workspace/loongark/tests/ark-next.visual.spec.ts:25:9

    attachment #1: ark-next-swap-dark-375 (image/png) ──────────────────────────────────────────────
    Expected: tests/ark-next.visual.spec.ts-snapshots/ark-next-swap-dark-375-chromium-visual-linux.png
    Received: test-results/ark-next.visual-Ark-next-swap-dark-375-chromium-visual/ark-next-swap-dark-375-actual.png
    ────────────────────────────────────────────────────────────────────────────────────────────────

    Error Context: test-results/ark-next.visual-Ark-next-swap-dark-375-chromium-visual/error-context.md

  16) [chromium-visual] › tests/ark-next.visual.spec.ts:10:11 › Ark next drawer dark 375 ───────────

    Error: A snapshot doesn't exist at /workspace/loongark/tests/ark-next.visual.spec.ts-snapshots/ark-next-drawer-dark-375-chromium-visual-linux.png, writing actual.

      23 |           );
      24 |         }
    > 25 |         await expect(page.locator("body")).toHaveScreenshot(
         |         ^
      26 |           `ark-next-${name}-${mode}-${width}.png`,
      27 |           { animations: "disabled" },
      28 |         );
        at /workspace/loongark/tests/ark-next.visual.spec.ts:25:9

    attachment #1: ark-next-drawer-dark-375 (image/png) ────────────────────────────────────────────
    Expected: tests/ark-next.visual.spec.ts-snapshots/ark-next-drawer-dark-375-chromium-visual-linux.png
    Received: test-results/ark-next.visual-Ark-next-drawer-dark-375-chromium-visual/ark-next-drawer-dark-375-actual.png
    ────────────────────────────────────────────────────────────────────────────────────────────────

    Error Context: test-results/ark-next.visual-Ark-next-drawer-dark-375-chromium-visual/error-context.md

  16 failed
    [chromium-visual] › tests/ark-next.visual.spec.ts:10:11 › Ark next date light 1280 ─────────────
    [chromium-visual] › tests/ark-next.visual.spec.ts:10:11 › Ark next toc light 1280 ──────────────
    [chromium-visual] › tests/ark-next.visual.spec.ts:10:11 › Ark next swap light 1280 ─────────────
    [chromium-visual] › tests/ark-next.visual.spec.ts:10:11 › Ark next drawer light 1280 ───────────
    [chromium-visual] › tests/ark-next.visual.spec.ts:10:11 › Ark next date light 375 ──────────────
    [chromium-visual] › tests/ark-next.visual.spec.ts:10:11 › Ark next toc light 375 ───────────────
    [chromium-visual] › tests/ark-next.visual.spec.ts:10:11 › Ark next swap light 375 ──────────────
    [chromium-visual] › tests/ark-next.visual.spec.ts:10:11 › Ark next drawer light 375 ────────────
    [chromium-visual] › tests/ark-next.visual.spec.ts:10:11 › Ark next date dark 1280 ──────────────
    [chromium-visual] › tests/ark-next.visual.spec.ts:10:11 › Ark next toc dark 1280 ───────────────
    [chromium-visual] › tests/ark-next.visual.spec.ts:10:11 › Ark next swap dark 1280 ──────────────
    [chromium-visual] › tests/ark-next.visual.spec.ts:10:11 › Ark next drawer dark 1280 ────────────
    [chromium-visual] › tests/ark-next.visual.spec.ts:10:11 › Ark next date dark 375 ───────────────
    [chromium-visual] › tests/ark-next.visual.spec.ts:10:11 › Ark next toc dark 375 ────────────────
    [chromium-visual] › tests/ark-next.visual.spec.ts:10:11 › Ark next swap dark 375 ───────────────
    [chromium-visual] › tests/ark-next.visual.spec.ts:10:11 › Ark next drawer dark 375 ─────────────
