[serve-static] /workspace/loongark/storybook-static on http://127.0.0.1:6006 (/workspace/loongark/scripts/serve-static.mjs)

Running 16 tests using 2 workers

(node:259228) Warning: The 'NO_COLOR' env is ignored due to the 'FORCE_COLOR' env being set.
(Use `node --trace-warnings ...` to show where the warning was created)
(node:259229) Warning: The 'NO_COLOR' env is ignored due to the 'FORCE_COLOR' env being set.
(Use `node --trace-warnings ...` to show where the warning was created)
(node:259228) Warning: The 'NO_COLOR' env is ignored due to the 'FORCE_COLOR' env being set.
(Use `node --trace-warnings ...` to show where the warning was created)
(node:259229) Warning: The 'NO_COLOR' env is ignored due to the 'FORCE_COLOR' env being set.
(Use `node --trace-warnings ...` to show where the warning was created)
  ✓   2 [chromium-visual] › tests/ark-next.visual.spec.ts:10:11 › Ark next toc light 1280 (1.3s)
  ✓   1 [chromium-visual] › tests/ark-next.visual.spec.ts:10:11 › Ark next date light 1280 (1.4s)
  ✓   3 [chromium-visual] › tests/ark-next.visual.spec.ts:10:11 › Ark next swap light 1280 (1.2s)
  ✓   4 [chromium-visual] › tests/ark-next.visual.spec.ts:10:11 › Ark next drawer light 1280 (1.5s)
  ✓   5 [chromium-visual] › tests/ark-next.visual.spec.ts:10:11 › Ark next date light 375 (1.0s)
  ✓   6 [chromium-visual] › tests/ark-next.visual.spec.ts:10:11 › Ark next toc light 375 (1.1s)
  ✓   7 [chromium-visual] › tests/ark-next.visual.spec.ts:10:11 › Ark next swap light 375 (948ms)
  ✓   8 [chromium-visual] › tests/ark-next.visual.spec.ts:10:11 › Ark next drawer light 375 (1.4s)
  ✓   9 [chromium-visual] › tests/ark-next.visual.spec.ts:10:11 › Ark next date dark 1280 (1.1s)
  ✓  10 [chromium-visual] › tests/ark-next.visual.spec.ts:10:11 › Ark next toc dark 1280 (1.3s)
  ✓  11 [chromium-visual] › tests/ark-next.visual.spec.ts:10:11 › Ark next swap dark 1280 (1.5s)
  ✓  13 [chromium-visual] › tests/ark-next.visual.spec.ts:10:11 › Ark next date dark 375 (947ms)
  ✓  12 [chromium-visual] › tests/ark-next.visual.spec.ts:10:11 › Ark next drawer dark 1280 (1.6s)
  ✓  14 [chromium-visual] › tests/ark-next.visual.spec.ts:10:11 › Ark next toc dark 375 (993ms)
  ✓  15 [chromium-visual] › tests/ark-next.visual.spec.ts:10:11 › Ark next swap dark 375 (983ms)
  ✓  16 [chromium-visual] › tests/ark-next.visual.spec.ts:10:11 › Ark next drawer dark 375 (1.2s)

  16 passed (11.2s)
