date react light 1280
date vue light 1280
date solid light 1280
date svelte light 1280
toc react light 1280
toc vue light 1280
toc solid light 1280
toc svelte light 1280
swap react light 1280
swap vue light 1280
swap solid light 1280
swap svelte light 1280
drawer react light 1280
drawer vue light 1280
drawer solid light 1280
drawer svelte light 1280
date react light 375
date vue light 375
date solid light 375
date svelte light 375
toc react light 375
toc vue light 375
toc solid light 375
toc svelte light 375
swap react light 375
swap vue light 375
swap solid light 375
swap svelte light 375
drawer react light 375
drawer vue light 375
drawer solid light 375
drawer svelte light 375
date react dark 1280
date vue dark 1280
date solid dark 1280
date svelte dark 1280
toc react dark 1280
toc vue dark 1280
toc solid dark 1280
toc svelte dark 1280
swap react dark 1280
swap vue dark 1280
swap solid dark 1280
swap svelte dark 1280
drawer react dark 1280
drawer vue dark 1280
drawer solid dark 1280
drawer svelte dark 1280
date react dark 375
date vue dark 375
date solid dark 375
date svelte dark 375
toc react dark 375
toc vue dark 375
toc solid dark 375
toc svelte dark 375
swap react dark 375
swap vue dark 375
swap solid dark 375
swap svelte dark 375
drawer react dark 375
drawer vue dark 375
drawer solid dark 375
drawer svelte dark 375
