[serve-static] /workspace/loongark/storybook-static on http://127.0.0.1:6006 (/workspace/loongark/scripts/serve-static.mjs)

Running 8 tests using 2 workers

(node:253256) Warning: The 'NO_COLOR' env is ignored due to the 'FORCE_COLOR' env being set.
(Use `node --trace-warnings ...` to show where the warning was created)
(node:253257) Warning: The 'NO_COLOR' env is ignored due to the 'FORCE_COLOR' env being set.
(Use `node --trace-warnings ...` to show where the warning was created)
(node:253256) Warning: The 'NO_COLOR' env is ignored due to the 'FORCE_COLOR' env being set.
(Use `node --trace-warnings ...` to show where the warning was created)
(node:253257) Warning: The 'NO_COLOR' env is ignored due to the 'FORCE_COLOR' env being set.
(Use `node --trace-warnings ...` to show where the warning was created)
  ✓  2 [chromium] › tests/ark-next.spec.ts:16:9 › DateInput light 高级行为与语义 (2.3s)
  ✘  1 [chromium] › tests/ark-next.spec.ts:16:9 › Toc light 高级行为与语义 (2.3s)
(node:253577) Warning: The 'NO_COLOR' env is ignored due to the 'FORCE_COLOR' env being set.
(Use `node --trace-warnings ...` to show where the warning was created)
(node:253577) Warning: The 'NO_COLOR' env is ignored due to the 'FORCE_COLOR' env being set.
(Use `node --trace-warnings ...` to show where the warning was created)
  ✓  3 [chromium] › tests/ark-next.spec.ts:16:9 › Swap light 高级行为与语义 (2.2s)
  ✓  5 [chromium] › tests/ark-next.spec.ts:16:9 › DateInput dark 高级行为与语义 (1.7s)
  ✘  6 [chromium] › tests/ark-next.spec.ts:16:9 › Toc dark 高级行为与语义 (1.6s)
(node:253817) Warning: The 'NO_COLOR' env is ignored due to the 'FORCE_COLOR' env being set.
(Use `node --trace-warnings ...` to show where the warning was created)
  ✓  4 [chromium] › tests/ark-next.spec.ts:16:9 › Drawer light 高级行为与语义 (4.8s)
(node:253817) Warning: The 'NO_COLOR' env is ignored due to the 'FORCE_COLOR' env being set.
(Use `node --trace-warnings ...` to show where the warning was created)
  ✓  8 [chromium] › tests/ark-next.spec.ts:16:9 › Swap dark 高级行为与语义 (2.1s)
  ✓  7 [chromium] › tests/ark-next.spec.ts:16:9 › Drawer dark 高级行为与语义 (4.4s)


  1) [chromium] › tests/ark-next.spec.ts:16:9 › Toc light 高级行为与语义 ──────────────────────────────────

    Error: expect(received).toEqual(expected) // deep equality

    - Expected  -  1
    + Received  + 49

    - Array []
    + Array [
    +   Object {
    +     "description": "Ensure that lists are structured correctly",
    +     "help": "<ul> and <ol> must only directly contain <li>, <script> or <template> elements",
    +     "helpUrl": "https://dequeuniversity.com/rules/axe/4.11/list?application=playwright",
    +     "id": "list",
    +     "impact": "serious",
    +     "nodes": Array [
    +       Object {
    +         "all": Array [],
    +         "any": Array [],
    +         "failureSummary": "Fix all of the following:
    +   List element has direct children that are not allowed: div",
    +         "html": "<ul data-scope=\"toc\" data-part=\"list\" id=\"toc:_r_2_:list\" dir=\"ltr\">",
    +         "impact": "serious",
    +         "none": Array [
    +           Object {
    +             "data": Object {
    +               "values": "div",
    +             },
    +             "id": "only-listitems",
    +             "impact": "serious",
    +             "message": "List element has direct children that are not allowed: div",
    +             "relatedNodes": Array [
    +               Object {
    +                 "html": "<div data-scope=\"toc\" data-part=\"indicator\" id=\"toc:_r_2_:indicator\" style=\"position: absolute;\"></div>",
    +                 "target": Array [
    +                   "#toc\\:_r_2_\\:indicator",
    +                 ],
    +               },
    +             ],
    +           },
    +         ],
    +         "target": Array [
    +           "#toc\\:_r_2_\\:list",
    +         ],
    +       },
    +     ],
    +     "tags": Array [
    +       "cat.structure",
    +       "wcag2a",
    +       "wcag131",
    +       "EN-301-549",
    +       "EN-9.1.3.1",
    +       "RGAAv4",
    +       "RGAA-9.3.1",
    +     ],
    +   },
    + ]

      17 |       await page.goto(`/iframe.html?id=${id}&globals=mode:${mode}`);
      18 |       await check(page);
    > 19 |       expect((await new AxeBuilder({ page }).analyze()).violations).toEqual([]);
         |                                                                     ^
      20 |     });
      21 |
        at /workspace/loongark/tests/ark-next.spec.ts:19:69

    Error Context: test-results/ark-next-Toc-light-高级行为与语义-chromium/error-context.md

  2) [chromium] › tests/ark-next.spec.ts:16:9 › Toc dark 高级行为与语义 ───────────────────────────────────

    Error: expect(received).toEqual(expected) // deep equality

    - Expected  -  1
    + Received  + 49

    - Array []
    + Array [
    +   Object {
    +     "description": "Ensure that lists are structured correctly",
    +     "help": "<ul> and <ol> must only directly contain <li>, <script> or <template> elements",
    +     "helpUrl": "https://dequeuniversity.com/rules/axe/4.11/list?application=playwright",
    +     "id": "list",
    +     "impact": "serious",
    +     "nodes": Array [
    +       Object {
    +         "all": Array [],
    +         "any": Array [],
    +         "failureSummary": "Fix all of the following:
    +   List element has direct children that are not allowed: div",
    +         "html": "<ul data-scope=\"toc\" data-part=\"list\" id=\"toc:_r_2_:list\" dir=\"ltr\">",
    +         "impact": "serious",
    +         "none": Array [
    +           Object {
    +             "data": Object {
    +               "values": "div",
    +             },
    +             "id": "only-listitems",
    +             "impact": "serious",
    +             "message": "List element has direct children that are not allowed: div",
    +             "relatedNodes": Array [
    +               Object {
    +                 "html": "<div data-scope=\"toc\" data-part=\"indicator\" id=\"toc:_r_2_:indicator\" style=\"position: absolute;\"></div>",
    +                 "target": Array [
    +                   "#toc\\:_r_2_\\:indicator",
    +                 ],
    +               },
    +             ],
    +           },
    +         ],
    +         "target": Array [
    +           "#toc\\:_r_2_\\:list",
    +         ],
    +       },
    +     ],
    +     "tags": Array [
    +       "cat.structure",
    +       "wcag2a",
    +       "wcag131",
    +       "EN-301-549",
    +       "EN-9.1.3.1",
    +       "RGAAv4",
    +       "RGAA-9.3.1",
    +     ],
    +   },
    + ]

      17 |       await page.goto(`/iframe.html?id=${id}&globals=mode:${mode}`);
      18 |       await check(page);
    > 19 |       expect((await new AxeBuilder({ page }).analyze()).violations).toEqual([]);
         |                                                                     ^
      20 |     });
      21 |
        at /workspace/loongark/tests/ark-next.spec.ts:19:69

    Error Context: test-results/ark-next-Toc-dark-高级行为与语义-chromium/error-context.md

  2 failed
    [chromium] › tests/ark-next.spec.ts:16:9 › Toc light 高级行为与语义 ───────────────────────────────────
    [chromium] › tests/ark-next.spec.ts:16:9 › Toc dark 高级行为与语义 ────────────────────────────────────
  6 passed (13.8s)
