[serve-static] /workspace/loongark/storybook-static on http://127.0.0.1:6006 (/workspace/loongark/scripts/serve-static.mjs)

Running 4 tests using 2 workers

(node:440614) Warning: The 'NO_COLOR' env is ignored due to the 'FORCE_COLOR' env being set.
(Use `node --trace-warnings ...` to show where the warning was created)
(node:440615) Warning: The 'NO_COLOR' env is ignored due to the 'FORCE_COLOR' env being set.
(Use `node --trace-warnings ...` to show where the warning was created)
(node:440615) Warning: The 'NO_COLOR' env is ignored due to the 'FORCE_COLOR' env being set.
(Use `node --trace-warnings ...` to show where the warning was created)
(node:440614) Warning: The 'NO_COLOR' env is ignored due to the 'FORCE_COLOR' env being set.
(Use `node --trace-warnings ...` to show where the warning was created)
  ✘  1 [chromium-visual] › tests/chart-advanced.visual.spec.ts:4:9 › Interactive chart light 375 (1.2s)
(node:440883) Warning: The 'NO_COLOR' env is ignored due to the 'FORCE_COLOR' env being set.
(Use `node --trace-warnings ...` to show where the warning was created)
(node:440883) Warning: The 'NO_COLOR' env is ignored due to the 'FORCE_COLOR' env being set.
(Use `node --trace-warnings ...` to show where the warning was created)
  ✘  2 [chromium-visual] › tests/chart-advanced.visual.spec.ts:4:9 › Interactive chart light 1280 (2.0s)
(node:440897) Warning: The 'NO_COLOR' env is ignored due to the 'FORCE_COLOR' env being set.
(Use `node --trace-warnings ...` to show where the warning was created)
(node:440897) Warning: The 'NO_COLOR' env is ignored due to the 'FORCE_COLOR' env being set.
(Use `node --trace-warnings ...` to show where the warning was created)
  ✘  3 [chromium-visual] › tests/chart-advanced.visual.spec.ts:4:9 › Interactive chart dark 1280 (1.3s)
  ✘  4 [chromium-visual] › tests/chart-advanced.visual.spec.ts:4:9 › Interactive chart dark 375 (1.0s)


  1) [chromium-visual] › tests/chart-advanced.visual.spec.ts:4:9 › Interactive chart light 1280 ────

    Error: A snapshot doesn't exist at /workspace/loongark/tests/chart-advanced.visual.spec.ts-snapshots/chart-interactive-light-1280-chromium-visual-linux.png, writing actual.

      10 |         page.getByRole("img", { name: "Quarterly metrics", exact: true }),
      11 |       ).toBeVisible();
    > 12 |       await expect(page.locator("body")).toHaveScreenshot(
         |       ^
      13 |         `chart-interactive-${mode}-${width}.png`,
      14 |         { animations: "disabled" },
      15 |       );
        at /workspace/loongark/tests/chart-advanced.visual.spec.ts:12:7

    attachment #1: chart-interactive-light-1280 (image/png) ────────────────────────────────────────
    Expected: tests/chart-advanced.visual.spec.ts-snapshots/chart-interactive-light-1280-chromium-visual-linux.png
    Received: test-results/chart-advanced.visual-Interactive-chart-light-1280-chromium-visual/chart-interactive-light-1280-actual.png
    ────────────────────────────────────────────────────────────────────────────────────────────────

    Error Context: test-results/chart-advanced.visual-Interactive-chart-light-1280-chromium-visual/error-context.md

  2) [chromium-visual] › tests/chart-advanced.visual.spec.ts:4:9 › Interactive chart light 375 ─────

    Error: A snapshot doesn't exist at /workspace/loongark/tests/chart-advanced.visual.spec.ts-snapshots/chart-interactive-light-375-chromium-visual-linux.png, writing actual.

      10 |         page.getByRole("img", { name: "Quarterly metrics", exact: true }),
      11 |       ).toBeVisible();
    > 12 |       await expect(page.locator("body")).toHaveScreenshot(
         |       ^
      13 |         `chart-interactive-${mode}-${width}.png`,
      14 |         { animations: "disabled" },
      15 |       );
        at /workspace/loongark/tests/chart-advanced.visual.spec.ts:12:7

    attachment #1: chart-interactive-light-375 (image/png) ─────────────────────────────────────────
    Expected: tests/chart-advanced.visual.spec.ts-snapshots/chart-interactive-light-375-chromium-visual-linux.png
    Received: test-results/chart-advanced.visual-Interactive-chart-light-375-chromium-visual/chart-interactive-light-375-actual.png
    ────────────────────────────────────────────────────────────────────────────────────────────────

    Error Context: test-results/chart-advanced.visual-Interactive-chart-light-375-chromium-visual/error-context.md

  3) [chromium-visual] › tests/chart-advanced.visual.spec.ts:4:9 › Interactive chart dark 1280 ─────

    Error: A snapshot doesn't exist at /workspace/loongark/tests/chart-advanced.visual.spec.ts-snapshots/chart-interactive-dark-1280-chromium-visual-linux.png, writing actual.

      10 |         page.getByRole("img", { name: "Quarterly metrics", exact: true }),
      11 |       ).toBeVisible();
    > 12 |       await expect(page.locator("body")).toHaveScreenshot(
         |       ^
      13 |         `chart-interactive-${mode}-${width}.png`,
      14 |         { animations: "disabled" },
      15 |       );
        at /workspace/loongark/tests/chart-advanced.visual.spec.ts:12:7

    attachment #1: chart-interactive-dark-1280 (image/png) ─────────────────────────────────────────
    Expected: tests/chart-advanced.visual.spec.ts-snapshots/chart-interactive-dark-1280-chromium-visual-linux.png
    Received: test-results/chart-advanced.visual-Interactive-chart-dark-1280-chromium-visual/chart-interactive-dark-1280-actual.png
    ────────────────────────────────────────────────────────────────────────────────────────────────

    Error Context: test-results/chart-advanced.visual-Interactive-chart-dark-1280-chromium-visual/error-context.md

  4) [chromium-visual] › tests/chart-advanced.visual.spec.ts:4:9 › Interactive chart dark 375 ──────

    Error: A snapshot doesn't exist at /workspace/loongark/tests/chart-advanced.visual.spec.ts-snapshots/chart-interactive-dark-375-chromium-visual-linux.png, writing actual.

      10 |         page.getByRole("img", { name: "Quarterly metrics", exact: true }),
      11 |       ).toBeVisible();
    > 12 |       await expect(page.locator("body")).toHaveScreenshot(
         |       ^
      13 |         `chart-interactive-${mode}-${width}.png`,
      14 |         { animations: "disabled" },
      15 |       );
        at /workspace/loongark/tests/chart-advanced.visual.spec.ts:12:7

    attachment #1: chart-interactive-dark-375 (image/png) ──────────────────────────────────────────
    Expected: tests/chart-advanced.visual.spec.ts-snapshots/chart-interactive-dark-375-chromium-visual-linux.png
    Received: test-results/chart-advanced.visual-Interactive-chart-dark-375-chromium-visual/chart-interactive-dark-375-actual.png
    ────────────────────────────────────────────────────────────────────────────────────────────────

    Error Context: test-results/chart-advanced.visual-Interactive-chart-dark-375-chromium-visual/error-context.md

  4 failed
    [chromium-visual] › tests/chart-advanced.visual.spec.ts:4:9 › Interactive chart light 1280 ─────
    [chromium-visual] › tests/chart-advanced.visual.spec.ts:4:9 › Interactive chart light 375 ──────
    [chromium-visual] › tests/chart-advanced.visual.spec.ts:4:9 › Interactive chart dark 1280 ──────
    [chromium-visual] › tests/chart-advanced.visual.spec.ts:4:9 › Interactive chart dark 375 ───────
