[serve-static] /workspace/loongark/storybook-static on http://127.0.0.1:6006 (/workspace/loongark/scripts/serve-static.mjs)

Running 75 tests using 2 workers

(node:403676) Warning: The 'NO_COLOR' env is ignored due to the 'FORCE_COLOR' env being set.
(Use `node --trace-warnings ...` to show where the warning was created)
(node:403675) Warning: The 'NO_COLOR' env is ignored due to the 'FORCE_COLOR' env being set.
(Use `node --trace-warnings ...` to show where the warning was created)
(node:403676) Warning: The 'NO_COLOR' env is ignored due to the 'FORCE_COLOR' env being set.
(Use `node --trace-warnings ...` to show where the warning was created)
(node:403675) Warning: The 'NO_COLOR' env is ignored due to the 'FORCE_COLOR' env being set.
(Use `node --trace-warnings ...` to show where the warning was created)
  ✓   1 [chromium] › tests/action-media.spec.ts:7:7 › Action media dark keyboard, form and responsive layout (3.0s)
  ✓   2 [chromium] › tests/action-media.spec.ts:7:7 › Action media light keyboard, form and responsive layout (3.1s)
  ✓   4 [chromium] › tests/ark-additions.spec.ts:21:9 › JsonTreeView light 原生高级交互与语义 (1.8s)
  ✓   3 [chromium] › tests/ark-additions.spec.ts:21:9 › ImageCropper light 原生高级交互与语义 (3.0s)
  ✓   5 [chromium] › tests/ark-additions.spec.ts:21:9 › Utilities light 原生高级交互与语义 (2.1s)
  ✓   6 [chromium] › tests/ark-additions.spec.ts:21:9 › AdvancedSelection light 原生高级交互与语义 (2.2s)
  ✓   7 [chromium] › tests/ark-additions.spec.ts:21:9 › ImageCropper dark 原生高级交互与语义 (2.4s)
  ✓   8 [chromium] › tests/ark-additions.spec.ts:21:9 › JsonTreeView dark 原生高级交互与语义 (1.8s)
  ✓   9 [chromium] › tests/ark-additions.spec.ts:21:9 › Utilities dark 原生高级交互与语义 (2.0s)
  ✓  10 [chromium] › tests/ark-additions.spec.ts:21:9 › AdvancedSelection dark 原生高级交互与语义 (2.4s)
  ✓  11 [chromium] › tests/ark-additions.spec.ts:26:5 › JsonTreeView 空对象和标量不会丢失语义 (2.1s)
  ✓  12 [chromium] › tests/ark-next.spec.ts:16:9 › DateInput light 高级行为与语义 (2.0s)
  ✓  13 [chromium] › tests/ark-next.spec.ts:16:9 › Toc light 高级行为与语义 (2.0s)
  ✓  14 [chromium] › tests/ark-next.spec.ts:16:9 › Swap light 高级行为与语义 (2.2s)
  ✓  16 [chromium] › tests/ark-next.spec.ts:16:9 › DateInput dark 高级行为与语义 (1.7s)
  ✓  17 [chromium] › tests/ark-next.spec.ts:16:9 › Toc dark 高级行为与语义 (2.0s)
  ✓  15 [chromium] › tests/ark-next.spec.ts:16:9 › Drawer light 高级行为与语义 (4.7s)
  ✓  18 [chromium] › tests/ark-next.spec.ts:16:9 › Swap dark 高级行为与语义 (2.3s)
  ✓  19 [chromium] › tests/ark-next.spec.ts:16:9 › Drawer dark 高级行为与语义 (4.8s)
  ✘  20 [chromium] › tests/chart-advanced.spec.ts:5:7 › Chart light 交互图例、范围、数据表与焦点 (3.1s)
(node:404886) Warning: The 'NO_COLOR' env is ignored due to the 'FORCE_COLOR' env being set.
(Use `node --trace-warnings ...` to show where the warning was created)
(node:404886) Warning: The 'NO_COLOR' env is ignored due to the 'FORCE_COLOR' env being set.
(Use `node --trace-warnings ...` to show where the warning was created)
  ✘  21 [chromium] › tests/chart-advanced.spec.ts:5:7 › Chart dark 交互图例、范围、数据表与焦点 (3.6s)
(node:405068) Warning: The 'NO_COLOR' env is ignored due to the 'FORCE_COLOR' env being set.
(Use `node --trace-warnings ...` to show where the warning was created)
  ✓  22 [chromium] › tests/chart.spec.ts:5:7 › Chart light 标签、缺失值、图例和尺寸更新 (2.5s)
(node:405068) Warning: The 'NO_COLOR' env is ignored due to the 'FORCE_COLOR' env being set.
(Use `node --trace-warnings ...` to show where the warning was created)
  ✓  23 [chromium] › tests/chart.spec.ts:14:5 › Chart 极值坐标与本地化空状态 (1.3s)
  ✓  25 [chromium] › tests/component-style.spec.ts:3:5 › 核心控件的最终样式与选中状态 (1.8s)
  ✓  24 [chromium] › tests/chart.spec.ts:5:7 › Chart dark 标签、缺失值、图例和尺寸更新 (3.3s)
  ✓  26 [chromium] › tests/component-style.spec.ts:41:5 › 颜色选择器展示色块和单行值并可展开 (1.2s)
  ✓  28 [chromium] › tests/component-style.spec.ts:99:5 › 菜单栏支持横向循环焦点及键盘展开 (912ms)
  ✓  27 [chromium] › tests/component-style.spec.ts:76:5 › 侧栏的展开内容按自然高度显示 (1.4s)
  ✓  29 [chromium] › tests/conversation.spec.ts:5:7 › 消息和问卷 light (3.3s)
  ✓  30 [chromium] › tests/conversation.spec.ts:5:7 › 消息和问卷 dark (3.4s)
  ✓  31 [chromium] › tests/conversation.spec.ts:22:5 › 前插历史消息保留视口 (940ms)
  ✓  32 [chromium] › tests/conversation.spec.ts:48:5 › 上传进度语义与消息失败重试 (1.5s)
  ✓  33 [chromium] › tests/conversation.spec.ts:66:5 › 禁用和提交中的问卷阻止输入，空问卷无提交入口 (1.6s)
  ✓  34 [chromium] › tests/data-table-advanced.spec.ts:5:7 › DataTable light 服务端、列控制与受控拒绝 (5.6s)
  ✓  35 [chromium] › tests/data-table-advanced.spec.ts:5:7 › DataTable dark 服务端、列控制与受控拒绝 (5.6s)
  ✓  36 [chromium] › tests/data-table.spec.ts:5:7 › DataTable light 受控选择、删除和分页 (3.3s)
  ✓  37 [chromium] › tests/data-table.spec.ts:5:7 › DataTable dark 受控选择、删除和分页 (3.2s)
  ✓  38 [chromium] › tests/data-table.spec.ts:14:5 › 表格翻页和空状态使用同一套本地化标签 (956ms)
  ✓  39 [chromium] › tests/design-accessibility.spec.ts:6:7 › 全部 Story 默认状态 light 无障碍检查 (3.5m)
  ✓  40 [chromium] › tests/design-accessibility.spec.ts:6:7 › 全部 Story 默认状态 dark 无障碍检查 (3.5m)
  ✓  42 [chromium] › tests/design-motion.spec.ts:87:5 › 输入前后缀位于同一控件内且清空可操作 (1.6s)
  ✓  43 [chromium] › tests/design-motion.spec.ts:123:5 › 滑块多尺寸和垂直刻度具有完整布局 (1.2s)
  ✓  41 [chromium] › tests/design-motion.spec.ts:4:5 › 表单密度和浮动标签保持一致 (6.0s)
  ✓  44 [chromium] › tests/design-motion.spec.ts:159:9 › light 弹层开关和 normal 动效策略 (5.1s)
  ✓  45 [chromium] › tests/design-motion.spec.ts:159:9 › light 弹层开关和 reduce 动效策略 (3.1s)
  ✓  46 [chromium] › tests/design-motion.spec.ts:159:9 › light 弹层开关和 force 动效策略 (5.5s)
  ✓  47 [chromium] › tests/design-motion.spec.ts:159:9 › dark 弹层开关和 normal 动效策略 (4.8s)
  ✓  48 [chromium] › tests/design-motion.spec.ts:159:9 › dark 弹层开关和 reduce 动效策略 (3.2s)
  ✓  50 [chromium] › tests/design-motion.spec.ts:243:5 › 日期范围浮层在桌面与手机尺寸间重新定位 (1.6s)
  ✓  49 [chromium] › tests/design-motion.spec.ts:159:9 › dark 弹层开关和 force 动效策略 (6.0s)
  ✓  51 [chromium] › tests/design-quality.spec.ts:5:7 › 全部 Story 的 light 间距、窄屏与动效属性 (1.9m)
  ✓  52 [chromium] › tests/design-quality.spec.ts:5:7 › 全部 Story 的 dark 间距、窄屏与动效属性 (1.9m)
  ✓  54 [chromium] › tests/examples.spec.ts:14:7 › ButtonInputDialog story › renders helper texts and enables dialog button (907ms)
  ✓  55 [chromium] › tests/examples.spec.ts:37:7 › FilterBar story › toggles chips and resets state (817ms)
  ✓  56 [chromium] › tests/foundations.spec.ts:6:7 › 新增基础组件 light 交互、语义与响应式 (2.0s)
  ✓  57 [chromium] › tests/foundations.spec.ts:6:7 › 新增基础组件 dark 交互、语义与响应式 (2.1s)
  -  58 [chromium] › tests/framework-consumers.spec.ts:5:7 › react 发布消费、绑定、主题和浮层
  -  59 [chromium] › tests/framework-consumers.spec.ts:5:7 › vue 发布消费、绑定、主题和浮层
  -  60 [chromium] › tests/framework-consumers.spec.ts:5:7 › solid 发布消费、绑定、主题和浮层
  -  61 [chromium] › tests/framework-consumers.spec.ts:5:7 › svelte 发布消费、绑定、主题和浮层
  -  62 [chromium] › tests/framework-examples.spec.ts:27:7 › react 全部现有组件示例运行
  -  63 [chromium] › tests/framework-examples.spec.ts:27:7 › vue 全部现有组件示例运行
  -  64 [chromium] › tests/framework-examples.spec.ts:27:7 › solid 全部现有组件示例运行
  -  65 [chromium] › tests/framework-examples.spec.ts:27:7 › svelte 全部现有组件示例运行
  ✓  53 [chromium] › tests/design-variants.spec.ts:4:5 › 变体中的禁用文字、分页和树选择语义 (9.3s)
  ✓  66 [chromium] › tests/questionnaire-advanced.spec.ts:5:7 › Questionnaire light 条件分支、业务校验和受控拒绝 (2.8s)
  ✓  68 [chromium] › tests/questionnaire-advanced.spec.ts:14:5 › 全部题目隐藏时没有提交入口 (1.2s)
  ✓  67 [chromium] › tests/questionnaire-advanced.spec.ts:5:7 › Questionnaire dark 条件分支、业务校验和受控拒绝 (3.0s)
  ✓  69 [chromium] › tests/remediation-ui.spec.ts:6:5 › 中性展示页明暗、窄屏和无障碍 (4.0s)
  ✓  70 [chromium] › tests/remediation-ui.spec.ts:39:5 › 新增表格、右键菜单、确认弹窗及底部面板可操作 (4.5s)
  ✓  72 [chromium] › tests/selection-inputs.spec.ts:8:7 › Selection inputs light transfer, picker and autosize (5.2s)
  ✓  73 [chromium] › tests/selection-inputs.spec.ts:8:7 › Selection inputs dark transfer, picker and autosize (5.2s)
  ✓  71 [chromium] › tests/remediation-ui.spec.ts:84:5 › 所有组件默认展示截图 (38.8s)
  ✓  75 [chromium] › tests/storybook-health.spec.ts:57:5 › 无效输入有标签和错误语义 (705ms)
  ✓  74 [chromium] › tests/storybook-health.spec.ts:3:5 › 全部组件故事无运行错误、按钮嵌套和横向异常 (1.4m)


  1) [chromium] › tests/chart-advanced.spec.ts:5:7 › Chart light 交互图例、范围、数据表与焦点 ────────────────────

    Error: expect(received).toEqual(expected) // deep equality

    - Expected  -   1
    + Received  + 105

    - Array []
    + Array [
    +   Object {
    +     "description": "Ensure the document has a main landmark",
    +     "help": "Document should have one main landmark",
    +     "helpUrl": "https://dequeuniversity.com/rules/axe/4.11/landmark-one-main?application=playwright",
    +     "id": "landmark-one-main",
    +     "impact": "moderate",
    +     "nodes": Array [
    +       Object {
    +         "all": Array [
    +           Object {
    +             "data": null,
    +             "id": "page-has-main",
    +             "impact": "moderate",
    +             "message": "Document does not have a main landmark",
    +             "relatedNodes": Array [],
    +           },
    +         ],
    +         "any": Array [],
    +         "failureSummary": "Fix all of the following:
    +   Document does not have a main landmark",
    +         "html": "<html lang=\"en\">",
    +         "impact": "moderate",
    +         "none": Array [],
    +         "target": Array [
    +           "html",
    +         ],
    +       },
    +     ],
    +     "tags": Array [
    +       "cat.semantics",
    +       "best-practice",
    +     ],
    +   },
    +   Object {
    +     "description": "Ensure that the page, or at least one of its frames contains a level-one heading",
    +     "help": "Page should contain a level-one heading",
    +     "helpUrl": "https://dequeuniversity.com/rules/axe/4.11/page-has-heading-one?application=playwright",
    +     "id": "page-has-heading-one",
    +     "impact": "moderate",
    +     "nodes": Array [
    +       Object {
    +         "all": Array [
    +           Object {
    +             "data": null,
    +             "id": "page-has-heading-one",
    +             "impact": "moderate",
    +             "message": "Page must have a level-one heading",
    +             "relatedNodes": Array [],
    +           },
    +         ],
    +         "any": Array [],
    +         "failureSummary": "Fix all of the following:
    +   Page must have a level-one heading",
    +         "html": "<html lang=\"en\">",
    +         "impact": "moderate",
    +         "none": Array [],
    +         "target": Array [
    +           "html",
    +         ],
    +       },
    +     ],
    +     "tags": Array [
    +       "cat.semantics",
    +       "best-practice",
    +     ],
    +   },
    +   Object {
    +     "description": "Ensure all page content is contained by landmarks",
    +     "help": "All page content should be contained by landmarks",
    +     "helpUrl": "https://dequeuniversity.com/rules/axe/4.11/region?application=playwright",
    +     "id": "region",
    +     "impact": "moderate",
    +     "nodes": Array [
    +       Object {
    +         "all": Array [],
    +         "any": Array [
    +           Object {
    +             "data": Object {
    +               "isIframe": false,
    +             },
    +             "id": "region",
    +             "impact": "moderate",
    +             "message": "Some page content is not contained by landmarks",
    +             "relatedNodes": Array [],
    +           },
    +         ],
    +         "failureSummary": "Fix any of the following:
    +   Some page content is not contained by landmarks",
    +         "html": "<ul data-part=\"legend\" aria-label=\"Chart series\">",
    +         "impact": "moderate",
    +         "none": Array [],
    +         "target": Array [
    +           "ul[data-part=\"legend\"]",
    +         ],
    +       },
    +     ],
    +     "tags": Array [
    +       "cat.keyboard",
    +       "best-practice",
    +       "RGAAv4",
    +       "RGAA-9.2.1",
    +     ],
    +   },
    + ]

      21 |       page.getByRole("table", { name: "Disabled chart controls" }),
      22 |     ).toBeVisible();
    > 23 |     expect((await new AxeBuilder({ page }).analyze()).violations).toEqual([]);
         |                                                                   ^
      24 |   });
      25 |
        at /workspace/loongark/tests/chart-advanced.spec.ts:23:67

    Error Context: test-results/chart-advanced-Chart-light-交互图例、范围、数据表与焦点-chromium/error-context.md

  2) [chromium] › tests/chart-advanced.spec.ts:5:7 › Chart dark 交互图例、范围、数据表与焦点 ─────────────────────

    Error: expect(received).toEqual(expected) // deep equality

    - Expected  -   1
    + Received  + 105

    - Array []
    + Array [
    +   Object {
    +     "description": "Ensure the document has a main landmark",
    +     "help": "Document should have one main landmark",
    +     "helpUrl": "https://dequeuniversity.com/rules/axe/4.11/landmark-one-main?application=playwright",
    +     "id": "landmark-one-main",
    +     "impact": "moderate",
    +     "nodes": Array [
    +       Object {
    +         "all": Array [
    +           Object {
    +             "data": null,
    +             "id": "page-has-main",
    +             "impact": "moderate",
    +             "message": "Document does not have a main landmark",
    +             "relatedNodes": Array [],
    +           },
    +         ],
    +         "any": Array [],
    +         "failureSummary": "Fix all of the following:
    +   Document does not have a main landmark",
    +         "html": "<html lang=\"en\">",
    +         "impact": "moderate",
    +         "none": Array [],
    +         "target": Array [
    +           "html",
    +         ],
    +       },
    +     ],
    +     "tags": Array [
    +       "cat.semantics",
    +       "best-practice",
    +     ],
    +   },
    +   Object {
    +     "description": "Ensure that the page, or at least one of its frames contains a level-one heading",
    +     "help": "Page should contain a level-one heading",
    +     "helpUrl": "https://dequeuniversity.com/rules/axe/4.11/page-has-heading-one?application=playwright",
    +     "id": "page-has-heading-one",
    +     "impact": "moderate",
    +     "nodes": Array [
    +       Object {
    +         "all": Array [
    +           Object {
    +             "data": null,
    +             "id": "page-has-heading-one",
    +             "impact": "moderate",
    +             "message": "Page must have a level-one heading",
    +             "relatedNodes": Array [],
    +           },
    +         ],
    +         "any": Array [],
    +         "failureSummary": "Fix all of the following:
    +   Page must have a level-one heading",
    +         "html": "<html lang=\"en\">",
    +         "impact": "moderate",
    +         "none": Array [],
    +         "target": Array [
    +           "html",
    +         ],
    +       },
    +     ],
    +     "tags": Array [
    +       "cat.semantics",
    +       "best-practice",
    +     ],
    +   },
    +   Object {
    +     "description": "Ensure all page content is contained by landmarks",
    +     "help": "All page content should be contained by landmarks",
    +     "helpUrl": "https://dequeuniversity.com/rules/axe/4.11/region?application=playwright",
    +     "id": "region",
    +     "impact": "moderate",
    +     "nodes": Array [
    +       Object {
    +         "all": Array [],
    +         "any": Array [
    +           Object {
    +             "data": Object {
    +               "isIframe": false,
    +             },
    +             "id": "region",
    +             "impact": "moderate",
    +             "message": "Some page content is not contained by landmarks",
    +             "relatedNodes": Array [],
    +           },
    +         ],
    +         "failureSummary": "Fix any of the following:
    +   Some page content is not contained by landmarks",
    +         "html": "<ul data-part=\"legend\" aria-label=\"Chart series\">",
    +         "impact": "moderate",
    +         "none": Array [],
    +         "target": Array [
    +           "ul[data-part=\"legend\"]",
    +         ],
    +       },
    +     ],
    +     "tags": Array [
    +       "cat.keyboard",
    +       "best-practice",
    +       "RGAAv4",
    +       "RGAA-9.2.1",
    +     ],
    +   },
    + ]

      21 |       page.getByRole("table", { name: "Disabled chart controls" }),
      22 |     ).toBeVisible();
    > 23 |     expect((await new AxeBuilder({ page }).analyze()).violations).toEqual([]);
         |                                                                   ^
      24 |   });
      25 |
        at /workspace/loongark/tests/chart-advanced.spec.ts:23:67

    Error Context: test-results/chart-advanced-Chart-dark-交互图例、范围、数据表与焦点-chromium/error-context.md

  2 failed
    [chromium] › tests/chart-advanced.spec.ts:5:7 › Chart light 交互图例、范围、数据表与焦点 ─────────────────────
    [chromium] › tests/chart-advanced.spec.ts:5:7 › Chart dark 交互图例、范围、数据表与焦点 ──────────────────────
  8 skipped
  65 passed (8.4m)
