default react light 1280
default vue light 1280
default solid light 1280
default svelte light 1280
range react light 1280
range vue light 1280
range solid light 1280
range svelte light 1280
empty react light 1280
empty vue light 1280
empty solid light 1280
empty svelte light 1280
default react light 375
default vue light 375
default solid light 375
default svelte light 375
range react light 375
range vue light 375
range solid light 375
range svelte light 375
empty react light 375
empty vue light 375
empty solid light 375
empty svelte light 375
default react dark 1280
default vue dark 1280
default solid dark 1280
default svelte dark 1280
range react dark 1280
range vue dark 1280
range solid dark 1280
range svelte dark 1280
empty react dark 1280
empty vue dark 1280
empty solid dark 1280
empty svelte dark 1280
default react dark 375
default vue dark 375
default solid dark 375
default svelte dark 375
range react dark 375
range vue dark 375
range solid dark 375
range svelte dark 375
empty react dark 375
empty vue dark 375
empty solid dark 375
empty svelte dark 375
