[serve-static] /workspace/loongark/storybook-static on http://127.0.0.1:6006 (/workspace/loongark/scripts/serve-static.mjs)

Running 4 tests using 2 workers

(node:540026) Warning: The 'NO_COLOR' env is ignored due to the 'FORCE_COLOR' env being set.
(Use `node --trace-warnings ...` to show where the warning was created)
(node:540025) Warning: The 'NO_COLOR' env is ignored due to the 'FORCE_COLOR' env being set.
(Use `node --trace-warnings ...` to show where the warning was created)
(node:540026) Warning: The 'NO_COLOR' env is ignored due to the 'FORCE_COLOR' env being set.
(Use `node --trace-warnings ...` to show where the warning was created)
(node:540025) Warning: The 'NO_COLOR' env is ignored due to the 'FORCE_COLOR' env being set.
(Use `node --trace-warnings ...` to show where the warning was created)
  ✘  1 [chromium-visual] › tests/message-scroller-advanced.visual.spec.ts:4:9 › MessageScroller advanced light 375 (1.3s)
(node:540295) Warning: The 'NO_COLOR' env is ignored due to the 'FORCE_COLOR' env being set.
(Use `node --trace-warnings ...` to show where the warning was created)
  ✘  2 [chromium-visual] › tests/message-scroller-advanced.visual.spec.ts:4:9 › MessageScroller advanced light 1280 (1.5s)
(node:540304) Warning: The 'NO_COLOR' env is ignored due to the 'FORCE_COLOR' env being set.
(Use `node --trace-warnings ...` to show where the warning was created)
(node:540295) Warning: The 'NO_COLOR' env is ignored due to the 'FORCE_COLOR' env being set.
(Use `node --trace-warnings ...` to show where the warning was created)
(node:540304) Warning: The 'NO_COLOR' env is ignored due to the 'FORCE_COLOR' env being set.
(Use `node --trace-warnings ...` to show where the warning was created)
  ✘  3 [chromium-visual] › tests/message-scroller-advanced.visual.spec.ts:4:9 › MessageScroller advanced dark 1280 (1.3s)
  ✘  4 [chromium-visual] › tests/message-scroller-advanced.visual.spec.ts:4:9 › MessageScroller advanced dark 375 (1.3s)


  1) [chromium-visual] › tests/message-scroller-advanced.visual.spec.ts:4:9 › MessageScroller advanced light 1280

    Error: A snapshot doesn't exist at /workspace/loongark/tests/message-scroller-advanced.visual.spec.ts-snapshots/message-scroller-light-1280-chromium-visual-linux.png, writing actual.

      10 |         page.getByRole("region", { name: "Workspace discussion" }),
      11 |       ).toBeVisible();
    > 12 |       await expect(page.locator("body")).toHaveScreenshot(
         |       ^
      13 |         `message-scroller-${mode}-${width}.png`,
      14 |         { animations: "disabled" },
      15 |       );
        at /workspace/loongark/tests/message-scroller-advanced.visual.spec.ts:12:7

    attachment #1: message-scroller-light-1280 (image/png) ─────────────────────────────────────────
    Expected: tests/message-scroller-advanced.visual.spec.ts-snapshots/message-scroller-light-1280-chromium-visual-linux.png
    Received: test-results/message-scroller-advanced.-cbb12-croller-advanced-light-1280-chromium-visual/message-scroller-light-1280-actual.png
    ────────────────────────────────────────────────────────────────────────────────────────────────

    Error Context: test-results/message-scroller-advanced.-cbb12-croller-advanced-light-1280-chromium-visual/error-context.md

  2) [chromium-visual] › tests/message-scroller-advanced.visual.spec.ts:4:9 › MessageScroller advanced light 375

    Error: A snapshot doesn't exist at /workspace/loongark/tests/message-scroller-advanced.visual.spec.ts-snapshots/message-scroller-light-375-chromium-visual-linux.png, writing actual.

      10 |         page.getByRole("region", { name: "Workspace discussion" }),
      11 |       ).toBeVisible();
    > 12 |       await expect(page.locator("body")).toHaveScreenshot(
         |       ^
      13 |         `message-scroller-${mode}-${width}.png`,
      14 |         { animations: "disabled" },
      15 |       );
        at /workspace/loongark/tests/message-scroller-advanced.visual.spec.ts:12:7

    attachment #1: message-scroller-light-375 (image/png) ──────────────────────────────────────────
    Expected: tests/message-scroller-advanced.visual.spec.ts-snapshots/message-scroller-light-375-chromium-visual-linux.png
    Received: test-results/message-scroller-advanced.-5d1ae-Scroller-advanced-light-375-chromium-visual/message-scroller-light-375-actual.png
    ────────────────────────────────────────────────────────────────────────────────────────────────

    Error Context: test-results/message-scroller-advanced.-5d1ae-Scroller-advanced-light-375-chromium-visual/error-context.md

  3) [chromium-visual] › tests/message-scroller-advanced.visual.spec.ts:4:9 › MessageScroller advanced dark 1280

    Error: A snapshot doesn't exist at /workspace/loongark/tests/message-scroller-advanced.visual.spec.ts-snapshots/message-scroller-dark-1280-chromium-visual-linux.png, writing actual.

      10 |         page.getByRole("region", { name: "Workspace discussion" }),
      11 |       ).toBeVisible();
    > 12 |       await expect(page.locator("body")).toHaveScreenshot(
         |       ^
      13 |         `message-scroller-${mode}-${width}.png`,
      14 |         { animations: "disabled" },
      15 |       );
        at /workspace/loongark/tests/message-scroller-advanced.visual.spec.ts:12:7

    attachment #1: message-scroller-dark-1280 (image/png) ──────────────────────────────────────────
    Expected: tests/message-scroller-advanced.visual.spec.ts-snapshots/message-scroller-dark-1280-chromium-visual-linux.png
    Received: test-results/message-scroller-advanced.-3b811-Scroller-advanced-dark-1280-chromium-visual/message-scroller-dark-1280-actual.png
    ────────────────────────────────────────────────────────────────────────────────────────────────

    Error Context: test-results/message-scroller-advanced.-3b811-Scroller-advanced-dark-1280-chromium-visual/error-context.md

  4) [chromium-visual] › tests/message-scroller-advanced.visual.spec.ts:4:9 › MessageScroller advanced dark 375

    Error: A snapshot doesn't exist at /workspace/loongark/tests/message-scroller-advanced.visual.spec.ts-snapshots/message-scroller-dark-375-chromium-visual-linux.png, writing actual.

      10 |         page.getByRole("region", { name: "Workspace discussion" }),
      11 |       ).toBeVisible();
    > 12 |       await expect(page.locator("body")).toHaveScreenshot(
         |       ^
      13 |         `message-scroller-${mode}-${width}.png`,
      14 |         { animations: "disabled" },
      15 |       );
        at /workspace/loongark/tests/message-scroller-advanced.visual.spec.ts:12:7

    attachment #1: message-scroller-dark-375 (image/png) ───────────────────────────────────────────
    Expected: tests/message-scroller-advanced.visual.spec.ts-snapshots/message-scroller-dark-375-chromium-visual-linux.png
    Received: test-results/message-scroller-advanced.-c0b52-eScroller-advanced-dark-375-chromium-visual/message-scroller-dark-375-actual.png
    ────────────────────────────────────────────────────────────────────────────────────────────────

    Error Context: test-results/message-scroller-advanced.-c0b52-eScroller-advanced-dark-375-chromium-visual/error-context.md

  4 failed
    [chromium-visual] › tests/message-scroller-advanced.visual.spec.ts:4:9 › MessageScroller advanced light 1280
    [chromium-visual] › tests/message-scroller-advanced.visual.spec.ts:4:9 › MessageScroller advanced light 375
    [chromium-visual] › tests/message-scroller-advanced.visual.spec.ts:4:9 › MessageScroller advanced dark 1280
    [chromium-visual] › tests/message-scroller-advanced.visual.spec.ts:4:9 › MessageScroller advanced dark 375
