[serve-static] /workspace/loongark/storybook-static on http://127.0.0.1:6006 (/workspace/loongark/scripts/serve-static.mjs)

Running 81 tests using 2 workers

(node:525338) Warning: The 'NO_COLOR' env is ignored due to the 'FORCE_COLOR' env being set.
(Use `node --trace-warnings ...` to show where the warning was created)
(node:525339) Warning: The 'NO_COLOR' env is ignored due to the 'FORCE_COLOR' env being set.
(Use `node --trace-warnings ...` to show where the warning was created)
(node:525338) Warning: The 'NO_COLOR' env is ignored due to the 'FORCE_COLOR' env being set.
(Use `node --trace-warnings ...` to show where the warning was created)
(node:525339) Warning: The 'NO_COLOR' env is ignored due to the 'FORCE_COLOR' env being set.
(Use `node --trace-warnings ...` to show where the warning was created)
  ✓   1 [chromium] › tests/action-media.spec.ts:7:7 › Action media light keyboard, form and responsive layout (3.0s)
  ✓   2 [chromium] › tests/action-media.spec.ts:7:7 › Action media dark keyboard, form and responsive layout (3.0s)
  ✓   4 [chromium] › tests/ark-additions.spec.ts:21:9 › JsonTreeView light 原生高级交互与语义 (1.8s)
  ✓   3 [chromium] › tests/ark-additions.spec.ts:21:9 › ImageCropper light 原生高级交互与语义 (2.7s)
  ✓   5 [chromium] › tests/ark-additions.spec.ts:21:9 › Utilities light 原生高级交互与语义 (2.1s)
  ✓   6 [chromium] › tests/ark-additions.spec.ts:21:9 › AdvancedSelection light 原生高级交互与语义 (2.3s)
  ✓   7 [chromium] › tests/ark-additions.spec.ts:21:9 › ImageCropper dark 原生高级交互与语义 (2.3s)
  ✓   8 [chromium] › tests/ark-additions.spec.ts:21:9 › JsonTreeView dark 原生高级交互与语义 (1.8s)
  ✓   9 [chromium] › tests/ark-additions.spec.ts:21:9 › Utilities dark 原生高级交互与语义 (2.0s)
  ✓  10 [chromium] › tests/ark-additions.spec.ts:21:9 › AdvancedSelection dark 原生高级交互与语义 (2.3s)
  ✓  11 [chromium] › tests/ark-additions.spec.ts:26:5 › JsonTreeView 空对象和标量不会丢失语义 (2.0s)
  ✓  12 [chromium] › tests/ark-next.spec.ts:16:9 › DateInput light 高级行为与语义 (1.9s)
  ✓  13 [chromium] › tests/ark-next.spec.ts:16:9 › Toc light 高级行为与语义 (1.9s)
  ✓  14 [chromium] › tests/ark-next.spec.ts:16:9 › Swap light 高级行为与语义 (2.1s)
  ✓  16 [chromium] › tests/ark-next.spec.ts:16:9 › DateInput dark 高级行为与语义 (1.7s)
  ✓  17 [chromium] › tests/ark-next.spec.ts:16:9 › Toc dark 高级行为与语义 (1.8s)
  ✓  15 [chromium] › tests/ark-next.spec.ts:16:9 › Drawer light 高级行为与语义 (4.6s)
  ✓  18 [chromium] › tests/ark-next.spec.ts:16:9 › Swap dark 高级行为与语义 (2.3s)
  ✓  19 [chromium] › tests/ark-next.spec.ts:16:9 › Drawer dark 高级行为与语义 (4.6s)
  ✓  20 [chromium] › tests/chart-advanced.spec.ts:5:7 › Chart light 交互图例、范围、数据表与焦点 (3.4s)
  ✓  22 [chromium] › tests/chart.spec.ts:5:7 › Chart light 标签、缺失值、图例和尺寸更新 (2.3s)
  ✓  21 [chromium] › tests/chart-advanced.spec.ts:5:7 › Chart dark 交互图例、范围、数据表与焦点 (3.4s)
  ✓  24 [chromium] › tests/chart.spec.ts:14:5 › Chart 极值坐标与本地化空状态 (1.2s)
  ✓  23 [chromium] › tests/chart.spec.ts:5:7 › Chart dark 标签、缺失值、图例和尺寸更新 (2.7s)
  ✓  25 [chromium] › tests/component-style.spec.ts:3:5 › 核心控件的最终样式与选中状态 (1.4s)
  ✓  26 [chromium] › tests/component-style.spec.ts:41:5 › 颜色选择器展示色块和单行值并可展开 (1.1s)
  ✓  27 [chromium] › tests/component-style.spec.ts:76:5 › 侧栏的展开内容按自然高度显示 (1.5s)
  ✓  28 [chromium] › tests/component-style.spec.ts:99:5 › 菜单栏支持横向循环焦点及键盘展开 (826ms)
  ✓  29 [chromium] › tests/conversation-actions.spec.ts:5:7 › Conversation actions light 异步操作、取消、预览与焦点 (11.5s)
  ✓  30 [chromium] › tests/conversation-actions.spec.ts:5:7 › Conversation actions dark 异步操作、取消、预览与焦点 (11.6s)
  ✓  31 [chromium] › tests/conversation.spec.ts:5:7 › 消息和问卷 light (3.2s)
  ✓  32 [chromium] › tests/conversation.spec.ts:5:7 › 消息和问卷 dark (3.4s)
  ✓  33 [chromium] › tests/conversation.spec.ts:22:5 › 前插历史消息保留视口 (1.1s)
  ✓  34 [chromium] › tests/conversation.spec.ts:48:5 › 上传进度语义与消息失败重试 (1.2s)
  ✓  35 [chromium] › tests/conversation.spec.ts:66:5 › 禁用和提交中的问卷阻止输入，空问卷无提交入口 (1.7s)
  ✓  36 [chromium] › tests/data-table-advanced.spec.ts:5:7 › DataTable light 服务端、列控制与受控拒绝 (5.4s)
  ✓  37 [chromium] › tests/data-table-advanced.spec.ts:5:7 › DataTable dark 服务端、列控制与受控拒绝 (5.2s)
  ✓  38 [chromium] › tests/data-table.spec.ts:5:7 › DataTable light 受控选择、删除和分页 (3.3s)
  ✓  40 [chromium] › tests/data-table.spec.ts:14:5 › 表格翻页和空状态使用同一套本地化标签 (803ms)
  ✓  39 [chromium] › tests/data-table.spec.ts:5:7 › DataTable dark 受控选择、删除和分页 (3.3s)
  ✓  41 [chromium] › tests/design-accessibility.spec.ts:6:7 › 全部 Story 默认状态 light 无障碍检查 (3.5m)
  ✓  42 [chromium] › tests/design-accessibility.spec.ts:6:7 › 全部 Story 默认状态 dark 无障碍检查 (3.5m)
  ✓  44 [chromium] › tests/design-motion.spec.ts:87:5 › 输入前后缀位于同一控件内且清空可操作 (1.5s)
  ✓  45 [chromium] › tests/design-motion.spec.ts:123:5 › 滑块多尺寸和垂直刻度具有完整布局 (1.1s)
  ✓  43 [chromium] › tests/design-motion.spec.ts:4:5 › 表单密度和浮动标签保持一致 (6.2s)
  ✓  46 [chromium] › tests/design-motion.spec.ts:159:9 › light 弹层开关和 normal 动效策略 (4.9s)
  ✓  47 [chromium] › tests/design-motion.spec.ts:159:9 › light 弹层开关和 reduce 动效策略 (3.0s)
  ✓  48 [chromium] › tests/design-motion.spec.ts:159:9 › light 弹层开关和 force 动效策略 (5.4s)
  ✓  49 [chromium] › tests/design-motion.spec.ts:159:9 › dark 弹层开关和 normal 动效策略 (4.7s)
  ✓  50 [chromium] › tests/design-motion.spec.ts:159:9 › dark 弹层开关和 reduce 动效策略 (3.2s)
  ✓  52 [chromium] › tests/design-motion.spec.ts:243:5 › 日期范围浮层在桌面与手机尺寸间重新定位 (1.4s)
  ✓  51 [chromium] › tests/design-motion.spec.ts:159:9 › dark 弹层开关和 force 动效策略 (6.0s)
  ✓  53 [chromium] › tests/design-quality.spec.ts:5:7 › 全部 Story 的 light 间距、窄屏与动效属性 (1.9m)
  ✓  54 [chromium] › tests/design-quality.spec.ts:5:7 › 全部 Story 的 dark 间距、窄屏与动效属性 (1.9m)
  ✓  56 [chromium] › tests/examples.spec.ts:14:7 › ButtonInputDialog story › renders helper texts and enables dialog button (851ms)
  ✓  57 [chromium] › tests/examples.spec.ts:37:7 › FilterBar story › toggles chips and resets state (870ms)
  ✓  58 [chromium] › tests/foundations.spec.ts:6:7 › 新增基础组件 light 交互、语义与响应式 (1.9s)
  ✓  59 [chromium] › tests/foundations.spec.ts:6:7 › 新增基础组件 dark 交互、语义与响应式 (2.1s)
  -  60 [chromium] › tests/framework-consumers.spec.ts:5:7 › react 发布消费、绑定、主题和浮层
  -  61 [chromium] › tests/framework-consumers.spec.ts:5:7 › vue 发布消费、绑定、主题和浮层
  -  62 [chromium] › tests/framework-consumers.spec.ts:5:7 › solid 发布消费、绑定、主题和浮层
  -  63 [chromium] › tests/framework-consumers.spec.ts:5:7 › svelte 发布消费、绑定、主题和浮层
  -  64 [chromium] › tests/framework-examples.spec.ts:29:7 › react 全部现有组件示例运行
  -  65 [chromium] › tests/framework-examples.spec.ts:29:7 › vue 全部现有组件示例运行
  -  66 [chromium] › tests/framework-examples.spec.ts:29:7 › solid 全部现有组件示例运行
  -  67 [chromium] › tests/framework-examples.spec.ts:29:7 › svelte 全部现有组件示例运行
  ✓  55 [chromium] › tests/design-variants.spec.ts:4:5 › 变体中的禁用文字、分页和树选择语义 (9.3s)
  ✓  68 [chromium] › tests/message-scroller-advanced.spec.ts:5:7 › MessageScroller light 媒体锚点、历史与异步清理 (5.5s)
  ✓  70 [chromium] › tests/message-scroller-model.spec.ts:52:5 › 阅读锚点处理等总高度重排、同条消息媒体、同时前后插入及用户主动滚动 (511ms)
  ✘  71 [chromium] › tests/message-scroller-model.spec.ts:129:5 › 卸载取消已排队的锚点恢复，恢复原样式并保留调用方后续覆盖 (317ms)
(node:535683) Warning: The 'NO_COLOR' env is ignored due to the 'FORCE_COLOR' env being set.
(Use `node --trace-warnings ...` to show where the warning was created)
(node:535683) Warning: The 'NO_COLOR' env is ignored due to the 'FORCE_COLOR' env being set.
(Use `node --trace-warnings ...` to show where the warning was created)
  ✓  69 [chromium] › tests/message-scroller-advanced.spec.ts:5:7 › MessageScroller dark 媒体锚点、历史与异步清理 (5.8s)
  ✓  72 [chromium] › tests/questionnaire-advanced.spec.ts:5:7 › Questionnaire dark 条件分支、业务校验和受控拒绝 (2.8s)
  ✓  73 [chromium] › tests/questionnaire-advanced.spec.ts:5:7 › Questionnaire light 条件分支、业务校验和受控拒绝 (2.9s)
  ✓  74 [chromium] › tests/questionnaire-advanced.spec.ts:14:5 › 全部题目隐藏时没有提交入口 (1.5s)
  ✓  75 [chromium] › tests/remediation-ui.spec.ts:6:5 › 中性展示页明暗、窄屏和无障碍 (3.7s)
  ✓  76 [chromium] › tests/remediation-ui.spec.ts:39:5 › 新增表格、右键菜单、确认弹窗及底部面板可操作 (4.5s)
  ✓  78 [chromium] › tests/selection-inputs.spec.ts:8:7 › Selection inputs light transfer, picker and autosize (5.0s)
  ✓  79 [chromium] › tests/selection-inputs.spec.ts:8:7 › Selection inputs dark transfer, picker and autosize (5.1s)
  ✓  77 [chromium] › tests/remediation-ui.spec.ts:84:5 › 所有组件默认展示截图 (39.2s)
  ✓  81 [chromium] › tests/storybook-health.spec.ts:57:5 › 无效输入有标签和错误语义 (720ms)
  ✓  80 [chromium] › tests/storybook-health.spec.ts:3:5 › 全部组件故事无运行错误、按钮嵌套和横向异常 (1.3m)


  1) [chromium] › tests/message-scroller-model.spec.ts:129:5 › 卸载取消已排队的锚点恢复，恢复原样式并保留调用方后续覆盖 ────────

    Error: expect(received).toBe(expected) // Object.is equality

    Expected: 400
    Received: 560

      144 |   expect(
      145 |     await page.locator('[data-part="viewport"]').evaluate((el) => el.scrollTop),
    > 146 |   ).toBe(top);
          |     ^
      147 |   expect(await page.evaluate(() => window.messageModelChanges.length)).toBe(
      148 |     calls,
      149 |   );
        at /workspace/loongark/tests/message-scroller-model.spec.ts:146:5

    Error Context: test-results/message-scroller-model-卸载取消已排队的锚点恢复，恢复原样式并保留调用方后续覆盖-chromium/error-context.md

  1 failed
    [chromium] › tests/message-scroller-model.spec.ts:129:5 › 卸载取消已排队的锚点恢复，恢复原样式并保留调用方后续覆盖 ─────────
  8 skipped
  72 passed (8.5m)
