
> loongark@0.0.0 test:frameworks /workspace/loongark
> node scripts/build-framework-fixtures.mjs && node scripts/build-example-fixtures.mjs && node scripts/run-framework-tests.mjs

react 发布消费构建通过
vue 发布消费构建通过
[baseline-browser-mapping] The data in this module is over two months old.  To ensure accurate Baseline data, please update: `npm i baseline-browser-mapping@latest -D`
solid 发布消费构建通过
svelte 发布消费构建通过
react: 44 个现有组件示例构建通过
vue: 41 个现有组件示例构建通过
[baseline-browser-mapping] The data in this module is over two months old.  To ensure accurate Baseline data, please update: `npm i baseline-browser-mapping@latest -D`
solid: 41 个现有组件示例构建通过
svelte: 41 个现有组件示例构建通过
[serve-static] /workspace/loongark/tests/consumer-dist on http://127.0.0.1:6007 (/workspace/loongark/scripts/serve-static.mjs)

Running 8 tests using 2 workers

(node:538146) Warning: The 'NO_COLOR' env is ignored due to the 'FORCE_COLOR' env being set.
(Use `node --trace-warnings ...` to show where the warning was created)
(node:538147) Warning: The 'NO_COLOR' env is ignored due to the 'FORCE_COLOR' env being set.
(Use `node --trace-warnings ...` to show where the warning was created)
(node:538146) Warning: The 'NO_COLOR' env is ignored due to the 'FORCE_COLOR' env being set.
(Use `node --trace-warnings ...` to show where the warning was created)
(node:538147) Warning: The 'NO_COLOR' env is ignored due to the 'FORCE_COLOR' env being set.
(Use `node --trace-warnings ...` to show where the warning was created)
  ✓  1 [chromium] › tests/framework-consumers.spec.ts:5:7 › react 发布消费、绑定、主题和浮层 (2.9s)
  ✓  2 [chromium] › tests/framework-consumers.spec.ts:5:7 › vue 发布消费、绑定、主题和浮层 (3.4s)
  ✓  3 [chromium] › tests/framework-consumers.spec.ts:5:7 › solid 发布消费、绑定、主题和浮层 (2.5s)
  ✓  4 [chromium] › tests/framework-consumers.spec.ts:5:7 › svelte 发布消费、绑定、主题和浮层 (3.1s)
react: 44 个组件示例已运行
  ✓  5 [chromium] › tests/framework-examples.spec.ts:29:7 › react 全部现有组件示例运行 (45.8s)
vue: 41 个组件示例已运行
  ✓  6 [chromium] › tests/framework-examples.spec.ts:29:7 › vue 全部现有组件示例运行 (45.7s)
solid: 41 个组件示例已运行
  ✓  7 [chromium] › tests/framework-examples.spec.ts:29:7 › solid 全部现有组件示例运行 (44.2s)
svelte: 41 个组件示例已运行
  ✓  8 [chromium] › tests/framework-examples.spec.ts:29:7 › svelte 全部现有组件示例运行 (43.6s)

  8 passed (1.6m)
