
> loongark@0.0.0 test:frameworks /workspace/loongark
> node scripts/build-framework-fixtures.mjs && node scripts/build-example-fixtures.mjs && node scripts/run-framework-tests.mjs

react 发布消费构建通过
vue 发布消费构建通过
[baseline-browser-mapping] The data in this module is over two months old.  To ensure accurate Baseline data, please update: `npm i baseline-browser-mapping@latest -D`
solid 发布消费构建通过
svelte 发布消费构建通过
react: 44 个现有组件示例构建通过
vue: 41 个现有组件示例构建通过
[baseline-browser-mapping] The data in this module is over two months old.  To ensure accurate Baseline data, please update: `npm i baseline-browser-mapping@latest -D`
solid: 41 个现有组件示例构建通过
svelte: 41 个现有组件示例构建通过
[serve-static] /workspace/loongark/tests/consumer-dist on http://127.0.0.1:6007 (/workspace/loongark/scripts/serve-static.mjs)

Running 8 tests using 2 workers

(node:522077) Warning: The 'NO_COLOR' env is ignored due to the 'FORCE_COLOR' env being set.
(Use `node --trace-warnings ...` to show where the warning was created)
(node:522076) Warning: The 'NO_COLOR' env is ignored due to the 'FORCE_COLOR' env being set.
(Use `node --trace-warnings ...` to show where the warning was created)
(node:522077) Warning: The 'NO_COLOR' env is ignored due to the 'FORCE_COLOR' env being set.
(Use `node --trace-warnings ...` to show where the warning was created)
(node:522076) Warning: The 'NO_COLOR' env is ignored due to the 'FORCE_COLOR' env being set.
(Use `node --trace-warnings ...` to show where the warning was created)
  ✓  2 [chromium] › tests/framework-consumers.spec.ts:5:7 › react 发布消费、绑定、主题和浮层 (2.9s)
  ✓  1 [chromium] › tests/framework-consumers.spec.ts:5:7 › vue 发布消费、绑定、主题和浮层 (3.3s)
  ✓  3 [chromium] › tests/framework-consumers.spec.ts:5:7 › solid 发布消费、绑定、主题和浮层 (2.6s)
  ✓  4 [chromium] › tests/framework-consumers.spec.ts:5:7 › svelte 发布消费、绑定、主题和浮层 (2.9s)
  ✘  5 [chromium] › tests/framework-examples.spec.ts:29:7 › react 全部现有组件示例运行 (36.8s)
(node:522699) Warning: The 'NO_COLOR' env is ignored due to the 'FORCE_COLOR' env being set.
(Use `node --trace-warnings ...` to show where the warning was created)
(node:522699) Warning: The 'NO_COLOR' env is ignored due to the 'FORCE_COLOR' env being set.
(Use `node --trace-warnings ...` to show where the warning was created)
vue: 41 个组件示例已运行
  ✓  6 [chromium] › tests/framework-examples.spec.ts:29:7 › vue 全部现有组件示例运行 (45.1s)
solid: 41 个组件示例已运行
  ✓  7 [chromium] › tests/framework-examples.spec.ts:29:7 › solid 全部现有组件示例运行 (44.6s)
svelte: 41 个组件示例已运行
  ✓  8 [chromium] › tests/framework-examples.spec.ts:29:7 › svelte 全部现有组件示例运行 (43.0s)


  1) [chromium] › tests/framework-examples.spec.ts:29:7 › react 全部现有组件示例运行 ─────────────────────────

    Error: expect(locator).toHaveAttribute(expected) failed

    Locator: getByRole('button', { name: 'Cancel preview load', exact: true })
    Expected: "true"
    Timeout: 5000ms
    Error: element(s) not found

    Call log:
      - Expect "toHaveAttribute" with timeout 5000ms
      - waiting for getByRole('button', { name: 'Cancel preview load', exact: true })
        4 × locator resolved to <button type="button" data-size="md" data-part="root" data-scope="button" data-variant="outline">Cancel preview load</button>
          - unexpected value "null"


       at messageScrollerAdvancedChecks.ts:36

      34 |   await expect(
      35 |     page.getByRole("button", { name: "Cancel preview load", exact: true }),
    > 36 |   ).toHaveAttribute("aria-busy", "true");
         |     ^
      37 |   await expect(page.locator('[data-message-id="reply-0"] img')).toBeAttached();
      38 |   await expect
      39 |     .poll(() =>
        at checkMessageScrollerAdvanced (/workspace/loongark/tests/messageScrollerAdvancedChecks.ts:36:5)
        at /workspace/loongark/tests/framework-examples.spec.ts:63:9

    Error Context: test-results/framework-examples-react-全部现有组件示例运行-chromium/error-context.md

  1 failed
    [chromium] › tests/framework-examples.spec.ts:29:7 › react 全部现有组件示例运行 ──────────────────────────
  7 passed (1.6m)
 ELIFECYCLE  Command failed with exit code 1.
