default react light 1280
default vue light 1280
default solid light 1280
default svelte light 1280
media react light 1280
media vue light 1280
media solid light 1280
media svelte light 1280
reading react light 1280
reading vue light 1280
reading solid light 1280
reading svelte light 1280
empty react light 1280
empty vue light 1280
empty solid light 1280
empty svelte light 1280
default react light 375
default vue light 375
default solid light 375
default svelte light 375
media react light 375
media vue light 375
media solid light 375
media svelte light 375
reading react light 375
reading vue light 375
reading solid light 375
reading svelte light 375
empty react light 375
empty vue light 375
empty solid light 375
empty svelte light 375
default react dark 1280
default vue dark 1280
default solid dark 1280
default svelte dark 1280
media react dark 1280
media vue dark 1280
media solid dark 1280
media svelte dark 1280
reading react dark 1280
reading vue dark 1280
reading solid dark 1280
reading svelte dark 1280
empty react dark 1280
empty vue dark 1280
empty solid dark 1280
empty svelte dark 1280
default react dark 375
default vue dark 375
default solid dark 375
default svelte dark 375
media react dark 375
media vue dark 375
media solid dark 375
media svelte dark 375
reading react dark 375
reading vue dark 375
reading solid dark 375
reading svelte dark 375
empty react dark 375
empty vue dark 375
empty solid dark 375
empty svelte dark 375
