[serve-static] /workspace/loongark/storybook-static on http://127.0.0.1:6006 (/workspace/loongark/scripts/serve-static.mjs)

Running 4 tests using 2 workers

(node:25571) Warning: The 'NO_COLOR' env is ignored due to the 'FORCE_COLOR' env being set.
(Use `node --trace-warnings ...` to show where the warning was created)
(node:25572) Warning: The 'NO_COLOR' env is ignored due to the 'FORCE_COLOR' env being set.
(Use `node --trace-warnings ...` to show where the warning was created)
(node:25572) Warning: The 'NO_COLOR' env is ignored due to the 'FORCE_COLOR' env being set.
(Use `node --trace-warnings ...` to show where the warning was created)
(node:25571) Warning: The 'NO_COLOR' env is ignored due to the 'FORCE_COLOR' env being set.
(Use `node --trace-warnings ...` to show where the warning was created)
  ✘  2 [chromium-visual] › tests/data-table-frozen.visual.spec.ts:5:9 › Frozen table light 375 (1.3s)
(node:25847) Warning: The 'NO_COLOR' env is ignored due to the 'FORCE_COLOR' env being set.
(Use `node --trace-warnings ...` to show where the warning was created)
  ✘  1 [chromium-visual] › tests/data-table-frozen.visual.spec.ts:5:9 › Frozen table light 1280 (1.6s)
(node:25857) Warning: The 'NO_COLOR' env is ignored due to the 'FORCE_COLOR' env being set.
(Use `node --trace-warnings ...` to show where the warning was created)
(node:25847) Warning: The 'NO_COLOR' env is ignored due to the 'FORCE_COLOR' env being set.
(Use `node --trace-warnings ...` to show where the warning was created)
(node:25857) Warning: The 'NO_COLOR' env is ignored due to the 'FORCE_COLOR' env being set.
(Use `node --trace-warnings ...` to show where the warning was created)
  ✘  3 [chromium-visual] › tests/data-table-frozen.visual.spec.ts:5:9 › Frozen table dark 1280 (1.5s)
  ✘  4 [chromium-visual] › tests/data-table-frozen.visual.spec.ts:5:9 › Frozen table dark 375 (1.3s)


  1) [chromium-visual] › tests/data-table-frozen.visual.spec.ts:5:9 › Frozen table light 1280 ──────

    Error: A snapshot doesn't exist at /workspace/loongark/tests/data-table-frozen.visual.spec.ts-snapshots/data-table-frozen-light-1280-chromium-visual-linux.png, writing actual.

      12 |       ).toBeVisible();
      13 |       await settleFrozenTable(page);
    > 14 |       await expect(page.locator("body")).toHaveScreenshot(
         |       ^
      15 |         `data-table-frozen-${mode}-${width}.png`,
      16 |         { animations: "disabled" },
      17 |       );
        at /workspace/loongark/tests/data-table-frozen.visual.spec.ts:14:7

    attachment #1: data-table-frozen-light-1280 (image/png) ────────────────────────────────────────
    Expected: tests/data-table-frozen.visual.spec.ts-snapshots/data-table-frozen-light-1280-chromium-visual-linux.png
    Received: test-results/data-table-frozen.visual-Frozen-table-light-1280-chromium-visual/data-table-frozen-light-1280-actual.png
    ────────────────────────────────────────────────────────────────────────────────────────────────

    Error Context: test-results/data-table-frozen.visual-Frozen-table-light-1280-chromium-visual/error-context.md

  2) [chromium-visual] › tests/data-table-frozen.visual.spec.ts:5:9 › Frozen table light 375 ───────

    Error: A snapshot doesn't exist at /workspace/loongark/tests/data-table-frozen.visual.spec.ts-snapshots/data-table-frozen-light-375-chromium-visual-linux.png, writing actual.

      12 |       ).toBeVisible();
      13 |       await settleFrozenTable(page);
    > 14 |       await expect(page.locator("body")).toHaveScreenshot(
         |       ^
      15 |         `data-table-frozen-${mode}-${width}.png`,
      16 |         { animations: "disabled" },
      17 |       );
        at /workspace/loongark/tests/data-table-frozen.visual.spec.ts:14:7

    attachment #1: data-table-frozen-light-375 (image/png) ─────────────────────────────────────────
    Expected: tests/data-table-frozen.visual.spec.ts-snapshots/data-table-frozen-light-375-chromium-visual-linux.png
    Received: test-results/data-table-frozen.visual-Frozen-table-light-375-chromium-visual/data-table-frozen-light-375-actual.png
    ────────────────────────────────────────────────────────────────────────────────────────────────

    Error Context: test-results/data-table-frozen.visual-Frozen-table-light-375-chromium-visual/error-context.md

  3) [chromium-visual] › tests/data-table-frozen.visual.spec.ts:5:9 › Frozen table dark 1280 ───────

    Error: A snapshot doesn't exist at /workspace/loongark/tests/data-table-frozen.visual.spec.ts-snapshots/data-table-frozen-dark-1280-chromium-visual-linux.png, writing actual.

      12 |       ).toBeVisible();
      13 |       await settleFrozenTable(page);
    > 14 |       await expect(page.locator("body")).toHaveScreenshot(
         |       ^
      15 |         `data-table-frozen-${mode}-${width}.png`,
      16 |         { animations: "disabled" },
      17 |       );
        at /workspace/loongark/tests/data-table-frozen.visual.spec.ts:14:7

    attachment #1: data-table-frozen-dark-1280 (image/png) ─────────────────────────────────────────
    Expected: tests/data-table-frozen.visual.spec.ts-snapshots/data-table-frozen-dark-1280-chromium-visual-linux.png
    Received: test-results/data-table-frozen.visual-Frozen-table-dark-1280-chromium-visual/data-table-frozen-dark-1280-actual.png
    ────────────────────────────────────────────────────────────────────────────────────────────────

    Error Context: test-results/data-table-frozen.visual-Frozen-table-dark-1280-chromium-visual/error-context.md

  4) [chromium-visual] › tests/data-table-frozen.visual.spec.ts:5:9 › Frozen table dark 375 ────────

    Error: A snapshot doesn't exist at /workspace/loongark/tests/data-table-frozen.visual.spec.ts-snapshots/data-table-frozen-dark-375-chromium-visual-linux.png, writing actual.

      12 |       ).toBeVisible();
      13 |       await settleFrozenTable(page);
    > 14 |       await expect(page.locator("body")).toHaveScreenshot(
         |       ^
      15 |         `data-table-frozen-${mode}-${width}.png`,
      16 |         { animations: "disabled" },
      17 |       );
        at /workspace/loongark/tests/data-table-frozen.visual.spec.ts:14:7

    attachment #1: data-table-frozen-dark-375 (image/png) ──────────────────────────────────────────
    Expected: tests/data-table-frozen.visual.spec.ts-snapshots/data-table-frozen-dark-375-chromium-visual-linux.png
    Received: test-results/data-table-frozen.visual-Frozen-table-dark-375-chromium-visual/data-table-frozen-dark-375-actual.png
    ────────────────────────────────────────────────────────────────────────────────────────────────

    Error Context: test-results/data-table-frozen.visual-Frozen-table-dark-375-chromium-visual/error-context.md

  4 failed
    [chromium-visual] › tests/data-table-frozen.visual.spec.ts:5:9 › Frozen table light 1280 ───────
    [chromium-visual] › tests/data-table-frozen.visual.spec.ts:5:9 › Frozen table light 375 ────────
    [chromium-visual] › tests/data-table-frozen.visual.spec.ts:5:9 › Frozen table dark 1280 ────────
    [chromium-visual] › tests/data-table-frozen.visual.spec.ts:5:9 › Frozen table dark 375 ─────────
