[serve-static] /workspace/loongark/storybook-static on http://127.0.0.1:6006 (/workspace/loongark/scripts/serve-static.mjs)

Running 9 tests using 2 workers

(node:23888) Warning: The 'NO_COLOR' env is ignored due to the 'FORCE_COLOR' env being set.
(Use `node --trace-warnings ...` to show where the warning was created)
(node:23887) Warning: The 'NO_COLOR' env is ignored due to the 'FORCE_COLOR' env being set.
(Use `node --trace-warnings ...` to show where the warning was created)
(node:23888) Warning: The 'NO_COLOR' env is ignored due to the 'FORCE_COLOR' env being set.
(Use `node --trace-warnings ...` to show where the warning was created)
(node:23887) Warning: The 'NO_COLOR' env is ignored due to the 'FORCE_COLOR' env being set.
(Use `node --trace-warnings ...` to show where the warning was created)
  ✓  1 [chromium] › tests/data-table-advanced.spec.ts:5:7 › DataTable dark 服务端、列控制与受控拒绝 (6.1s)
  ✓  2 [chromium] › tests/data-table-advanced.spec.ts:5:7 › DataTable light 服务端、列控制与受控拒绝 (6.4s)
  ✓  3 [chromium] › tests/data-table-frozen.spec.ts:5:7 › DataTable light 冻结列、RTL、恢复与焦点 (3.5s)
  ✓  5 [chromium] › tests/data-table-pins-model.spec.ts:8:5 › 冻结测量取消排队帧、恢复属性并释放观察器 (370ms)
  ✓  4 [chromium] › tests/data-table-frozen.spec.ts:5:7 › DataTable dark 冻结列、RTL、恢复与焦点 (3.6s)
  ✓  6 [chromium] › tests/data-table-pins-model.spec.ts:73:5 › 冻结测量响应列宽变化和可用空间恢复 (527ms)
  ✓  7 [chromium] › tests/data-table.spec.ts:5:7 › DataTable light 受控选择、删除和分页 (4.0s)
  ✓  8 [chromium] › tests/data-table.spec.ts:5:7 › DataTable dark 受控选择、删除和分页 (3.7s)
  ✓  9 [chromium] › tests/data-table.spec.ts:14:5 › 表格翻页和空状态使用同一套本地化标签 (826ms)

  9 passed (16.5s)
