[
  {
    framework: 'react',
    phase: 'initial',
    outline: 'rgb(161, 161, 168) solid 2px',
    shadow: 'none',
    transition: '1e-05s',
    colorScheme: 'dark',
    focusVisible: true,
    ring: '#A1A1A8',
    hasFocus: true,
    styleCount: 50
  },
  {
    framework: 'react',
    phase: 'stable',
    outline: 'rgb(161, 161, 168) solid 2px',
    shadow: 'none',
    transition: '1e-05s',
    colorScheme: 'dark',
    focusVisible: true,
    ring: '#A1A1A8',
    hasFocus: true,
    styleCount: 50
  },
  {
    framework: 'vue',
    phase: 'initial',
    outline: 'rgb(242, 242, 242) solid 3px',
    shadow: 'none',
    transition: '1e-05s',
    colorScheme: 'dark',
    focusVisible: true,
    ring: '#A1A1A8',
    hasFocus: true,
    styleCount: 50
  },
  {
    framework: 'vue',
    phase: 'stable',
    outline: 'rgb(161, 161, 168) solid 2px',
    shadow: 'none',
    transition: '1e-05s',
    colorScheme: 'dark',
    focusVisible: true,
    ring: '#A1A1A8',
    hasFocus: true,
    styleCount: 50
  },
  {
    framework: 'solid',
    phase: 'initial',
    outline: 'rgb(161, 161, 168) solid 2px',
    shadow: 'none',
    transition: '1e-05s',
    colorScheme: 'dark',
    focusVisible: true,
    ring: '#A1A1A8',
    hasFocus: true,
    styleCount: 50
  },
  {
    framework: 'solid',
    phase: 'stable',
    outline: 'rgb(161, 161, 168) solid 2px',
    shadow: 'none',
    transition: '1e-05s',
    colorScheme: 'dark',
    focusVisible: true,
    ring: '#A1A1A8',
    hasFocus: true,
    styleCount: 50
  },
  {
    framework: 'svelte',
    phase: 'initial',
    outline: 'rgb(242, 242, 242) solid 3px',
    shadow: 'none',
    transition: '1e-05s',
    colorScheme: 'dark',
    focusVisible: true,
    ring: '#A1A1A8',
    hasFocus: true,
    styleCount: 50
  },
  {
    framework: 'svelte',
    phase: 'stable',
    outline: 'rgb(161, 161, 168) solid 2px',
    shadow: 'none',
    transition: '1e-05s',
    colorScheme: 'dark',
    focusVisible: true,
    ring: '#A1A1A8',
    hasFocus: true,
    styleCount: 50
  }
]
