
> loongark@0.0.0 test:frameworks /workspace/loongark
> node scripts/build-framework-fixtures.mjs && node scripts/build-example-fixtures.mjs && node scripts/run-framework-tests.mjs

react 发布消费构建通过
vue 发布消费构建通过
[baseline-browser-mapping] The data in this module is over two months old.  To ensure accurate Baseline data, please update: `npm i baseline-browser-mapping@latest -D`
solid 发布消费构建通过
svelte 发布消费构建通过
react: 45 个现有组件示例构建通过
vue: 42 个现有组件示例构建通过
[baseline-browser-mapping] The data in this module is over two months old.  To ensure accurate Baseline data, please update: `npm i baseline-browser-mapping@latest -D`
solid: 42 个现有组件示例构建通过
svelte: 42 个现有组件示例构建通过
[serve-static] /workspace/loongark/tests/consumer-dist on http://127.0.0.1:6007 (/workspace/loongark/scripts/serve-static.mjs)

Running 8 tests using 2 workers

(node:2280) Warning: The 'NO_COLOR' env is ignored due to the 'FORCE_COLOR' env being set.
(Use `node --trace-warnings ...` to show where the warning was created)
(node:2279) Warning: The 'NO_COLOR' env is ignored due to the 'FORCE_COLOR' env being set.
(Use `node --trace-warnings ...` to show where the warning was created)
(node:2279) Warning: The 'NO_COLOR' env is ignored due to the 'FORCE_COLOR' env being set.
(Use `node --trace-warnings ...` to show where the warning was created)
(node:2280) Warning: The 'NO_COLOR' env is ignored due to the 'FORCE_COLOR' env being set.
(Use `node --trace-warnings ...` to show where the warning was created)
  ✓  2 [chromium] › tests/framework-consumers.spec.ts:5:7 › react 发布消费、绑定、主题和浮层 (3.5s)
  ✓  1 [chromium] › tests/framework-consumers.spec.ts:5:7 › vue 发布消费、绑定、主题和浮层 (3.6s)
  ✓  3 [chromium] › tests/framework-consumers.spec.ts:5:7 › solid 发布消费、绑定、主题和浮层 (3.0s)
  ✓  4 [chromium] › tests/framework-consumers.spec.ts:5:7 › svelte 发布消费、绑定、主题和浮层 (3.5s)
react: 45 个组件示例已运行
  ✓  5 [chromium] › tests/framework-examples.spec.ts:30:7 › react 全部现有组件示例运行 (47.1s)
  ✘  6 [chromium] › tests/framework-examples.spec.ts:30:7 › vue 全部现有组件示例运行 (3.0m)
(node:3069) Warning: The 'NO_COLOR' env is ignored due to the 'FORCE_COLOR' env being set.
(Use `node --trace-warnings ...` to show where the warning was created)
(node:3069) Warning: The 'NO_COLOR' env is ignored due to the 'FORCE_COLOR' env being set.
(Use `node --trace-warnings ...` to show where the warning was created)
  ✘  7 [chromium] › tests/framework-examples.spec.ts:30:7 › solid 全部现有组件示例运行 (3.0m)
svelte: 42 个组件示例已运行
  ✓  8 [chromium] › tests/framework-examples.spec.ts:30:7 › svelte 全部现有组件示例运行 (46.1s)


  1) [chromium] › tests/framework-examples.spec.ts:30:7 › vue 全部现有组件示例运行 ───────────────────────────

    Test timeout of 180000ms exceeded.

    Error: locator.click: Test timeout of 180000ms exceeded.
    Call log:
      - waiting for getByRole('button', { name: 'Freeze owner', exact: true })


       at dataTableFrozenChecks.ts:46

      44 |   await page.keyboard.press("Enter");
      45 |   await expect(revenue).toHaveAttribute("aria-sort", "ascending");
    > 46 |   await page.getByRole("button", { name: "Freeze owner", exact: true }).click();
         |                                                                         ^
      47 |   await settleFrozenTable(page);
      48 |   await expect(
      49 |     table.getByRole("columnheader", { name: "Owner", exact: true }),
        at checkDataTableFrozen (/workspace/loongark/tests/dataTableFrozenChecks.ts:46:73)
        at /workspace/loongark/tests/framework-examples.spec.ts:68:46

    Error Context: test-results/framework-examples-vue-全部现有组件示例运行-chromium/error-context.md

  2) [chromium] › tests/framework-examples.spec.ts:30:7 › solid 全部现有组件示例运行 ─────────────────────────

    Test timeout of 180000ms exceeded.

    Error: locator.click: Test timeout of 180000ms exceeded.
    Call log:
      - waiting for getByRole('button', { name: 'Freeze owner', exact: true })


       at dataTableFrozenChecks.ts:46

      44 |   await page.keyboard.press("Enter");
      45 |   await expect(revenue).toHaveAttribute("aria-sort", "ascending");
    > 46 |   await page.getByRole("button", { name: "Freeze owner", exact: true }).click();
         |                                                                         ^
      47 |   await settleFrozenTable(page);
      48 |   await expect(
      49 |     table.getByRole("columnheader", { name: "Owner", exact: true }),
        at checkDataTableFrozen (/workspace/loongark/tests/dataTableFrozenChecks.ts:46:73)
        at /workspace/loongark/tests/framework-examples.spec.ts:68:46

    Error Context: test-results/framework-examples-solid-全部现有组件示例运行-chromium/error-context.md

  2 failed
    [chromium] › tests/framework-examples.spec.ts:30:7 › vue 全部现有组件示例运行 ────────────────────────────
    [chromium] › tests/framework-examples.spec.ts:30:7 › solid 全部现有组件示例运行 ──────────────────────────
  6 passed (3.9m)
 ELIFECYCLE  Command failed with exit code 1.
