Scope: all 10 workspace projects
Recreating /workspace/loongark/node_modules
Lockfile is up to date, resolution step is skipped
Progress: resolved 1, reused 0, downloaded 0, added 0
Packages: +325
++++++++++++++++++++++++++++++++++++++++++++++++++++++++++++++++++++++++++++++++
Progress: resolved 325, reused 0, downloaded 22, added 21
Progress: resolved 325, reused 0, downloaded 60, added 60
Progress: resolved 325, reused 0, downloaded 97, added 97
Progress: resolved 325, reused 0, downloaded 138, added 138
Progress: resolved 325, reused 0, downloaded 184, added 182
Progress: resolved 325, reused 0, downloaded 217, added 217
Progress: resolved 325, reused 0, downloaded 261, added 258
Progress: resolved 325, reused 0, downloaded 302, added 302
Progress: resolved 325, reused 0, downloaded 325, added 325, done

devDependencies:
+ @ark-ui/react 5.39.2
+ @axe-core/playwright 4.11.0
+ @babel/core 7.28.5
+ @playwright/test 1.57.0
+ @storybook/addon-docs 10.3.6
+ @storybook/addon-vitest 10.3.6
+ @storybook/react 10.3.6
+ @storybook/react-vite 10.3.6
+ @sveltejs/vite-plugin-svelte 6.2.1
+ @types/node 24.10.1
+ @types/react 19.3.0
+ @types/react-dom 19.3.0
+ @vitejs/plugin-react 5.1.1
+ babel-preset-solid 1.9.15
+ prettier 3.9.9
+ prettier-plugin-svelte 4.1.1
+ react 19.2.1
+ react-dom 19.2.1
+ solid-js 1.9.15
+ storybook 10.3.6
+ svelte 5.45.2
+ svelte-check 4.7.6
+ typescript 5.9.3
+ vite 7.2.6
+ vite-plugin-solid 2.11.14
+ vue 3.5.25

Done in 9.8s using pnpm v10.14.0
