
> loongark@0.0.0 check:svelte /workspace/loongark
> node node_modules/svelte-check/bin/svelte-check --tsconfig packages/svelte/tsconfig.examples.json

Loading svelte-check in workspace: /workspace/loongark
Getting Svelte diagnostics...

/workspace/loongark/examples/svelte/DataTableAdvancedExample.svelte:11:7
Error: 'state' implicitly has type 'any' because it does not have a type annotation and is referenced directly or indirectly in its own initializer. (ts)
  } from "../shared/dataTableAdvancedDemo";
  let state = $state<L.DataTableState>(initialRemoteState),
    snapshot = $state<RemoteSnapshot>(remoteSnapshot(initialRemoteState)),

/workspace/loongark/examples/svelte/DataTableAdvancedExample.svelte:11:15
Error: Block-scoped variable '$state' used before its declaration. (ts)
  } from "../shared/dataTableAdvancedDemo";
  let state = $state<L.DataTableState>(initialRemoteState),
    snapshot = $state<RemoteSnapshot>(remoteSnapshot(initialRemoteState)),

/workspace/loongark/examples/svelte/DataTableAdvancedExample.svelte:11:15
Error: Untyped function calls may not accept type arguments. (ts)
  } from "../shared/dataTableAdvancedDemo";
  let state = $state<L.DataTableState>(initialRemoteState),
    snapshot = $state<RemoteSnapshot>(remoteSnapshot(initialRemoteState)),

/workspace/loongark/examples/svelte/DataTableAdvancedExample.svelte:12:16
Error: Block-scoped variable '$state' used before its declaration. (ts)
  let state = $state<L.DataTableState>(initialRemoteState),
    snapshot = $state<RemoteSnapshot>(remoteSnapshot(initialRemoteState)),
    ids = $state<string[]>([]),

/workspace/loongark/examples/svelte/DataTableAdvancedExample.svelte:12:16
Error: Untyped function calls may not accept type arguments. (ts)
  let state = $state<L.DataTableState>(initialRemoteState),
    snapshot = $state<RemoteSnapshot>(remoteSnapshot(initialRemoteState)),
    ids = $state<string[]>([]),

/workspace/loongark/examples/svelte/DataTableAdvancedExample.svelte:13:11
Error: Block-scoped variable '$state' used before its declaration. (ts)
    snapshot = $state<RemoteSnapshot>(remoteSnapshot(initialRemoteState)),
    ids = $state<string[]>([]),
    owner = $state(true),

/workspace/loongark/examples/svelte/DataTableAdvancedExample.svelte:13:11
Error: Untyped function calls may not accept type arguments. (ts)
    snapshot = $state<RemoteSnapshot>(remoteSnapshot(initialRemoteState)),
    ids = $state<string[]>([]),
    owner = $state(true),

/workspace/loongark/examples/svelte/DataTableAdvancedExample.svelte:14:13
Error: Block-scoped variable '$state' used before its declaration. (ts)
    ids = $state<string[]>([]),
    owner = $state(true),
    reversed = $state(false),

/workspace/loongark/examples/svelte/DataTableAdvancedExample.svelte:15:16
Error: Block-scoped variable '$state' used before its declaration. (ts)
    owner = $state(true),
    reversed = $state(false),
    locked = $state(false);

/workspace/loongark/examples/svelte/DataTableAdvancedExample.svelte:16:14
Error: Block-scoped variable '$state' used before its declaration. (ts)
    reversed = $state(false),
    locked = $state(false);
  let source: ReturnType<typeof createProjectSource> | undefined;

====================================
svelte-check found 10 errors and 0 warnings in 1 file
 ELIFECYCLE  Command failed with exit code 1.
