
> loongark@0.0.0 verify /workspace/loongark
> pnpm run lint && pnpm run tsc && pnpm run build


> loongark@0.0.0 lint /workspace/loongark
> node ./scripts/verify-workspace.mjs

[verify-workspace] ok

> loongark@0.0.0 tsc /workspace/loongark
> pnpm exec tsc -b

packages/vue/src/components/data.ts(91,28): error TS2345: Argument of type 'DataSort | undefined' is not assignable to parameter of type 'DataSort'.
  Type 'undefined' is not assignable to type 'DataSort'.
packages/vue/src/components/data.ts(102,9): error TS2322: Type 'DataSort | undefined' is not assignable to type 'DataSort | { key: string; direction: "asc" | "desc"; }'.
  Type 'undefined' is not assignable to type 'DataSort | { key: string; direction: "asc" | "desc"; }'.
packages/vue/src/components/data.ts(128,45): error TS2322: Type 'undefined' is not assignable to type 'DataSort | { key: string; direction: "asc" | "desc"; }'.
packages/react/src/components/data.tsx(42,42): error TS2345: Argument of type 'DataSort | undefined' is not assignable to parameter of type 'DataSort | (() => DataSort)'.
  Type 'undefined' is not assignable to type 'DataSort | (() => DataSort)'.
packages/react/src/components/data.tsx(58,15): error TS2345: Argument of type 'DataSort | undefined' is not assignable to parameter of type 'SetStateAction<DataSort>'.
  Type 'undefined' is not assignable to type 'SetStateAction<DataSort>'.
packages/react/src/components/data.tsx(77,39): error TS2345: Argument of type 'undefined' is not assignable to parameter of type 'SetStateAction<DataSort>'.
packages/solid/src/components/data.tsx(48,46): error TS2345: Argument of type 'DataSort | undefined' is not assignable to parameter of type 'DataSort'.
  Type 'undefined' is not assignable to type 'DataSort'.
packages/solid/src/components/data.tsx(63,15): error TS2769: No overload matches this call.
  The last overload gave the following error.
    Argument of type 'DataSort | undefined' is not assignable to parameter of type 'DataSort | ((prev: DataSort) => DataSort)'.
      Type 'undefined' is not assignable to type 'DataSort | ((prev: DataSort) => DataSort)'.
packages/solid/src/components/data.tsx(81,43): error TS2769: No overload matches this call.
  The last overload gave the following error.
    Argument of type 'undefined' is not assignable to parameter of type 'DataSort | ((prev: DataSort) => DataSort)'.
examples/solid/DataTableAdvancedExample.tsx(27,6): error TS2786: 'L.LoongArkStack' cannot be used as a JSX component.
  Its type '(props: LoongArkLayoutProps) => Element' is not a valid JSX element type.
    Type '(props: LoongArkLayoutProps) => Element' is not assignable to type '(props: any) => ReactNode | Promise<ReactNode>'.
      Type 'Element' is not assignable to type 'ReactNode | Promise<ReactNode>'.
        Type 'Node' is not assignable to type 'ReactNode | Promise<ReactNode>'.
examples/solid/DataTableAdvancedExample.tsx(27,55): error TS2561: Object literal may only specify known properties, but 'maxWidth' does not exist in type 'CSSProperties'. Did you mean to write 'max-width'?
examples/solid/DataTableAdvancedExample.tsx(28,7): error TS2322: Type 'Element' is not assignable to type 'string | Element'.
examples/solid/DataTableAdvancedExample.tsx(28,8): error TS2786: 'L.LoongArkStack' cannot be used as a JSX component.
  Its type '(props: LoongArkLayoutProps) => Element' is not a valid JSX element type.
    Type '(props: LoongArkLayoutProps) => Element' is not assignable to type '(props: any) => ReactNode | Promise<ReactNode>'.
      Type 'Element' is not assignable to type 'ReactNode | Promise<ReactNode>'.
        Type 'Node' is not assignable to type 'ReactNode | Promise<ReactNode>'.
examples/solid/DataTableAdvancedExample.tsx(29,9): error TS2322: Type 'Element' is not assignable to type 'string | Element'.
examples/solid/DataTableAdvancedExample.tsx(29,10): error TS2786: 'L.LoongArkTypography' cannot be used as a JSX component.
  Its type '(props: LoongArkLayoutProps) => Element' is not a valid JSX element type.
    Type '(props: LoongArkLayoutProps) => Element' is not assignable to type '(props: any) => ReactNode | Promise<ReactNode>'.
      Type 'Element' is not assignable to type 'ReactNode | Promise<ReactNode>'.
        Type 'Node' is not assignable to type 'ReactNode | Promise<ReactNode>'.
examples/solid/DataTableAdvancedExample.tsx(32,9): error TS2322: Type 'Element' is not assignable to type 'string | Element'.
examples/solid/DataTableAdvancedExample.tsx(32,10): error TS2786: 'L.LoongArkTypography' cannot be used as a JSX component.
  Its type '(props: LoongArkLayoutProps) => Element' is not a valid JSX element type.
    Type '(props: LoongArkLayoutProps) => Element' is not assignable to type '(props: any) => ReactNode | Promise<ReactNode>'.
      Type 'Element' is not assignable to type 'ReactNode | Promise<ReactNode>'.
        Type 'Node' is not assignable to type 'ReactNode | Promise<ReactNode>'.
examples/solid/DataTableAdvancedExample.tsx(36,7): error TS2322: Type 'Element' is not assignable to type 'string | Element'.
examples/solid/DataTableAdvancedExample.tsx(36,8): error TS2786: 'L.LoongArkStack' cannot be used as a JSX component.
  Its type '(props: LoongArkLayoutProps) => Element' is not a valid JSX element type.
    Type '(props: LoongArkLayoutProps) => Element' is not assignable to type '(props: any) => ReactNode | Promise<ReactNode>'.
      Type 'Element' is not assignable to type 'ReactNode | Promise<ReactNode>'.
        Type 'Node' is not assignable to type 'ReactNode | Promise<ReactNode>'.
examples/solid/DataTableAdvancedExample.tsx(37,9): error TS2322: Type 'Element' is not assignable to type 'string | Element'.
examples/solid/DataTableAdvancedExample.tsx(37,10): error TS2786: 'L.LoongArkButton' cannot be used as a JSX component.
  Its type 'Component<LoongArkButtonProps>' is not a valid JSX element type.
    Type 'Component<LoongArkButtonProps>' is not assignable to type '(props: any) => ReactNode | Promise<ReactNode>'.
      Type 'Element' is not assignable to type 'ReactNode | Promise<ReactNode>'.
        Type 'Node' is not assignable to type 'ReactNode | Promise<ReactNode>'.
examples/solid/DataTableAdvancedExample.tsx(43,9): error TS2322: Type 'Element' is not assignable to type 'string | Element'.
examples/solid/DataTableAdvancedExample.tsx(43,10): error TS2786: 'L.LoongArkButton' cannot be used as a JSX component.
  Its type 'Component<LoongArkButtonProps>' is not a valid JSX element type.
    Type 'Component<LoongArkButtonProps>' is not assignable to type '(props: any) => ReactNode | Promise<ReactNode>'.
      Type 'Element' is not assignable to type 'ReactNode | Promise<ReactNode>'.
        Type 'Node' is not assignable to type 'ReactNode | Promise<ReactNode>'.
examples/solid/DataTableAdvancedExample.tsx(46,9): error TS2322: Type 'Element' is not assignable to type 'string | Element'.
examples/solid/DataTableAdvancedExample.tsx(46,10): error TS2786: 'L.LoongArkButton' cannot be used as a JSX component.
  Its type 'Component<LoongArkButtonProps>' is not a valid JSX element type.
    Type 'Component<LoongArkButtonProps>' is not assignable to type '(props: any) => ReactNode | Promise<ReactNode>'.
      Type 'Element' is not assignable to type 'ReactNode | Promise<ReactNode>'.
        Type 'Node' is not assignable to type 'ReactNode | Promise<ReactNode>'.
examples/solid/DataTableAdvancedExample.tsx(52,9): error TS2322: Type 'Element' is not assignable to type 'string | Element'.
examples/solid/DataTableAdvancedExample.tsx(52,10): error TS2786: 'L.LoongArkButton' cannot be used as a JSX component.
  Its type 'Component<LoongArkButtonProps>' is not a valid JSX element type.
    Type 'Component<LoongArkButtonProps>' is not assignable to type '(props: any) => ReactNode | Promise<ReactNode>'.
      Type 'Element' is not assignable to type 'ReactNode | Promise<ReactNode>'.
        Type 'Node' is not assignable to type 'ReactNode | Promise<ReactNode>'.
examples/solid/DataTableAdvancedExample.tsx(59,9): error TS2322: Type 'Element' is not assignable to type 'string | Element'.
examples/solid/DataTableAdvancedExample.tsx(59,10): error TS2786: 'L.LoongArkButton' cannot be used as a JSX component.
  Its type 'Component<LoongArkButtonProps>' is not a valid JSX element type.
    Type 'Component<LoongArkButtonProps>' is not assignable to type '(props: any) => ReactNode | Promise<ReactNode>'.
      Type 'Element' is not assignable to type 'ReactNode | Promise<ReactNode>'.
        Type 'Node' is not assignable to type 'ReactNode | Promise<ReactNode>'.
examples/solid/DataTableAdvancedExample.tsx(66,9): error TS2322: Type 'Element' is not assignable to type 'string | Element'.
examples/solid/DataTableAdvancedExample.tsx(66,10): error TS2786: 'L.LoongArkButton' cannot be used as a JSX component.
  Its type 'Component<LoongArkButtonProps>' is not a valid JSX element type.
    Type 'Component<LoongArkButtonProps>' is not assignable to type '(props: any) => ReactNode | Promise<ReactNode>'.
      Type 'Element' is not assignable to type 'ReactNode | Promise<ReactNode>'.
        Type 'Node' is not assignable to type 'ReactNode | Promise<ReactNode>'.
examples/solid/DataTableAdvancedExample.tsx(76,9): error TS2322: Type 'Element' is not assignable to type 'string | Element'.
examples/solid/DataTableAdvancedExample.tsx(76,10): error TS2786: 'L.LoongArkButton' cannot be used as a JSX component.
  Its type 'Component<LoongArkButtonProps>' is not a valid JSX element type.
    Type 'Component<LoongArkButtonProps>' is not assignable to type '(props: any) => ReactNode | Promise<ReactNode>'.
      Type 'Element' is not assignable to type 'ReactNode | Promise<ReactNode>'.
        Type 'Node' is not assignable to type 'ReactNode | Promise<ReactNode>'.
examples/solid/DataTableAdvancedExample.tsx(87,7): error TS2322: Type 'Element' is not assignable to type 'string | Element'.
examples/solid/DataTableAdvancedExample.tsx(87,8): error TS2786: 'L.LoongArkDataTable' cannot be used as a JSX component.
  Its type '(props: DataTableProps) => Element' is not a valid JSX element type.
    Type '(props: DataTableProps) => Element' is not assignable to type '(props: any) => ReactNode | Promise<ReactNode>'.
      Type 'Element' is not assignable to type 'ReactNode | Promise<ReactNode>'.
        Type 'Node' is not assignable to type 'ReactNode | Promise<ReactNode>'.
examples/solid/DataTableAdvancedExample.tsx(108,7): error TS2322: Type 'Element' is not assignable to type 'string | Element'.
examples/solid/DataTableAdvancedExample.tsx(27,6): error TS2786: 'L.LoongArkStack' cannot be used as a JSX component.
  Its type '(props: LoongArkLayoutProps) => Element' is not a valid JSX element type.
    Type '(props: LoongArkLayoutProps) => Element' is not assignable to type '(props: any) => ReactNode | Promise<ReactNode>'.
      Type 'Element' is not assignable to type 'ReactNode | Promise<ReactNode>'.
        Type 'Node' is not assignable to type 'ReactNode | Promise<ReactNode>'.
examples/solid/DataTableAdvancedExample.tsx(27,55): error TS2561: Object literal may only specify known properties, but 'maxWidth' does not exist in type 'CSSProperties'. Did you mean to write 'max-width'?
examples/solid/DataTableAdvancedExample.tsx(28,7): error TS2322: Type 'Element' is not assignable to type 'string | Element'.
examples/solid/DataTableAdvancedExample.tsx(28,8): error TS2786: 'L.LoongArkStack' cannot be used as a JSX component.
  Its type '(props: LoongArkLayoutProps) => Element' is not a valid JSX element type.
    Type '(props: LoongArkLayoutProps) => Element' is not assignable to type '(props: any) => ReactNode | Promise<ReactNode>'.
      Type 'Element' is not assignable to type 'ReactNode | Promise<ReactNode>'.
        Type 'Node' is not assignable to type 'ReactNode | Promise<ReactNode>'.
examples/solid/DataTableAdvancedExample.tsx(29,9): error TS2322: Type 'Element' is not assignable to type 'string | Element'.
examples/solid/DataTableAdvancedExample.tsx(29,10): error TS2786: 'L.LoongArkTypography' cannot be used as a JSX component.
  Its type '(props: LoongArkLayoutProps) => Element' is not a valid JSX element type.
    Type '(props: LoongArkLayoutProps) => Element' is not assignable to type '(props: any) => ReactNode | Promise<ReactNode>'.
      Type 'Element' is not assignable to type 'ReactNode | Promise<ReactNode>'.
        Type 'Node' is not assignable to type 'ReactNode | Promise<ReactNode>'.
examples/solid/DataTableAdvancedExample.tsx(32,9): error TS2322: Type 'Element' is not assignable to type 'string | Element'.
examples/solid/DataTableAdvancedExample.tsx(32,10): error TS2786: 'L.LoongArkTypography' cannot be used as a JSX component.
  Its type '(props: LoongArkLayoutProps) => Element' is not a valid JSX element type.
    Type '(props: LoongArkLayoutProps) => Element' is not assignable to type '(props: any) => ReactNode | Promise<ReactNode>'.
      Type 'Element' is not assignable to type 'ReactNode | Promise<ReactNode>'.
        Type 'Node' is not assignable to type 'ReactNode | Promise<ReactNode>'.
examples/solid/DataTableAdvancedExample.tsx(36,7): error TS2322: Type 'Element' is not assignable to type 'string | Element'.
examples/solid/DataTableAdvancedExample.tsx(36,8): error TS2786: 'L.LoongArkStack' cannot be used as a JSX component.
  Its type '(props: LoongArkLayoutProps) => Element' is not a valid JSX element type.
    Type '(props: LoongArkLayoutProps) => Element' is not assignable to type '(props: any) => ReactNode | Promise<ReactNode>'.
      Type 'Element' is not assignable to type 'ReactNode | Promise<ReactNode>'.
        Type 'Node' is not assignable to type 'ReactNode | Promise<ReactNode>'.
examples/solid/DataTableAdvancedExample.tsx(37,9): error TS2322: Type 'Element' is not assignable to type 'string | Element'.
examples/solid/DataTableAdvancedExample.tsx(37,10): error TS2786: 'L.LoongArkButton' cannot be used as a JSX component.
  Its type 'Component<LoongArkButtonProps>' is not a valid JSX element type.
    Type 'Component<LoongArkButtonProps>' is not assignable to type '(props: any) => ReactNode | Promise<ReactNode>'.
      Type 'Element' is not assignable to type 'ReactNode | Promise<ReactNode>'.
        Type 'Node' is not assignable to type 'ReactNode | Promise<ReactNode>'.
examples/solid/DataTableAdvancedExample.tsx(43,9): error TS2322: Type 'Element' is not assignable to type 'string | Element'.
examples/solid/DataTableAdvancedExample.tsx(43,10): error TS2786: 'L.LoongArkButton' cannot be used as a JSX component.
  Its type 'Component<LoongArkButtonProps>' is not a valid JSX element type.
    Type 'Component<LoongArkButtonProps>' is not assignable to type '(props: any) => ReactNode | Promise<ReactNode>'.
      Type 'Element' is not assignable to type 'ReactNode | Promise<ReactNode>'.
        Type 'Node' is not assignable to type 'ReactNode | Promise<ReactNode>'.
examples/solid/DataTableAdvancedExample.tsx(46,9): error TS2322: Type 'Element' is not assignable to type 'string | Element'.
examples/solid/DataTableAdvancedExample.tsx(46,10): error TS2786: 'L.LoongArkButton' cannot be used as a JSX component.
  Its type 'Component<LoongArkButtonProps>' is not a valid JSX element type.
    Type 'Component<LoongArkButtonProps>' is not assignable to type '(props: any) => ReactNode | Promise<ReactNode>'.
      Type 'Element' is not assignable to type 'ReactNode | Promise<ReactNode>'.
        Type 'Node' is not assignable to type 'ReactNode | Promise<ReactNode>'.
examples/solid/DataTableAdvancedExample.tsx(52,9): error TS2322: Type 'Element' is not assignable to type 'string | Element'.
examples/solid/DataTableAdvancedExample.tsx(52,10): error TS2786: 'L.LoongArkButton' cannot be used as a JSX component.
  Its type 'Component<LoongArkButtonProps>' is not a valid JSX element type.
    Type 'Component<LoongArkButtonProps>' is not assignable to type '(props: any) => ReactNode | Promise<ReactNode>'.
      Type 'Element' is not assignable to type 'ReactNode | Promise<ReactNode>'.
        Type 'Node' is not assignable to type 'ReactNode | Promise<ReactNode>'.
examples/solid/DataTableAdvancedExample.tsx(59,9): error TS2322: Type 'Element' is not assignable to type 'string | Element'.
examples/solid/DataTableAdvancedExample.tsx(59,10): error TS2786: 'L.LoongArkButton' cannot be used as a JSX component.
  Its type 'Component<LoongArkButtonProps>' is not a valid JSX element type.
    Type 'Component<LoongArkButtonProps>' is not assignable to type '(props: any) => ReactNode | Promise<ReactNode>'.
      Type 'Element' is not assignable to type 'ReactNode | Promise<ReactNode>'.
        Type 'Node' is not assignable to type 'ReactNode | Promise<ReactNode>'.
examples/solid/DataTableAdvancedExample.tsx(66,9): error TS2322: Type 'Element' is not assignable to type 'string | Element'.
examples/solid/DataTableAdvancedExample.tsx(66,10): error TS2786: 'L.LoongArkButton' cannot be used as a JSX component.
  Its type 'Component<LoongArkButtonProps>' is not a valid JSX element type.
    Type 'Component<LoongArkButtonProps>' is not assignable to type '(props: any) => ReactNode | Promise<ReactNode>'.
      Type 'Element' is not assignable to type 'ReactNode | Promise<ReactNode>'.
        Type 'Node' is not assignable to type 'ReactNode | Promise<ReactNode>'.
examples/solid/DataTableAdvancedExample.tsx(76,9): error TS2322: Type 'Element' is not assignable to type 'string | Element'.
examples/solid/DataTableAdvancedExample.tsx(76,10): error TS2786: 'L.LoongArkButton' cannot be used as a JSX component.
  Its type 'Component<LoongArkButtonProps>' is not a valid JSX element type.
    Type 'Component<LoongArkButtonProps>' is not assignable to type '(props: any) => ReactNode | Promise<ReactNode>'.
      Type 'Element' is not assignable to type 'ReactNode | Promise<ReactNode>'.
        Type 'Node' is not assignable to type 'ReactNode | Promise<ReactNode>'.
examples/solid/DataTableAdvancedExample.tsx(87,7): error TS2322: Type 'Element' is not assignable to type 'string | Element'.
examples/solid/DataTableAdvancedExample.tsx(87,8): error TS2786: 'L.LoongArkDataTable' cannot be used as a JSX component.
  Its type '(props: DataTableProps) => Element' is not a valid JSX element type.
    Type '(props: DataTableProps) => Element' is not assignable to type '(props: any) => ReactNode | Promise<ReactNode>'.
      Type 'Element' is not assignable to type 'ReactNode | Promise<ReactNode>'.
        Type 'Node' is not assignable to type 'ReactNode | Promise<ReactNode>'.
examples/solid/DataTableAdvancedExample.tsx(108,7): error TS2322: Type 'Element' is not assignable to type 'string | Element'.
 ELIFECYCLE  Command failed with exit code 2.
 ELIFECYCLE  Command failed with exit code 2.
